The target system is: Buildroot - 1 - aarch64
The host system is: Linux - 5.15.0-139-generic - x86_64
Compiling the C compiler identification source file "CMakeCCompilerId.c" succeeded.
Compiler: /home/tronlong/RK3588/rk3588-buildroot-2021.11-sdk-v1.1/buildroot/output/rockchip_rk3588/host/bin/aarch64-buildroot-linux-gnu-gcc 
Build flags: -D_LARGEFILE_SOURCE;-D_LARGEFILE64_SOURCE;-D_FILE_OFFSET_BITS=64;-Os;-g0;-D_FORTIFY_SOURCE=1
Id flags:  

The output was:
0


Compilation of the C compiler identification source "CMakeCCompilerId.c" produced "a.out"

The C compiler identification is GNU, found in "/mnt/hgfs/sh/3588f_218/218projects/hiat-tracking-baseboard/src/getimg/build/CMakeFiles/3.16.3/CompilerIdC/a.out"

Compiling the CXX compiler identification source file "CMakeCXXCompilerId.cpp" succeeded.
Compiler: /home/tronlong/RK3588/rk3588-buildroot-2021.11-sdk-v1.1/buildroot/output/rockchip_rk3588/host/bin/aarch64-buildroot-linux-gnu-g++ 
Build flags: -D_LARGEFILE_SOURCE;-D_LARGEFILE64_SOURCE;-D_FILE_OFFSET_BITS=64;-Os;-g0;-D_FORTIFY_SOURCE=1
Id flags:  

The output was:
0


Compilation of the CXX compiler identification source "CMakeCXXCompilerId.cpp" produced "a.out"

The CXX compiler identification is GNU, found in "/mnt/hgfs/sh/3588f_218/218projects/hiat-tracking-baseboard/src/getimg/build/CMakeFiles/3.16.3/CompilerIdCXX/a.out"

Determining if the C compiler works passed with the following output:
Change Dir: /mnt/hgfs/sh/3588f_218/218projects/hiat-tracking-baseboard/src/getimg/build/CMakeFiles/CMakeTmp

Run Build Command(s):/usr/bin/make cmTC_3f26b/fast && /usr/bin/make -f CMakeFiles/cmTC_3f26b.dir/build.make CMakeFiles/cmTC_3f26b.dir/build
make[1]: Entering directory '/mnt/hgfs/sh/3588f_218/218projects/hiat-tracking-baseboard/src/getimg/build/CMakeFiles/CMakeTmp'
Building C object CMakeFiles/cmTC_3f26b.dir/testCCompiler.c.o
/home/tronlong/RK3588/rk3588-buildroot-2021.11-sdk-v1.1/buildroot/output/rockchip_rk3588/host/bin/aarch64-buildroot-linux-gnu-gcc --sysroot=/home/tronlong/RK3588/rk3588-buildroot-2021.11-sdk-v1.1/buildroot/output/rockchip_rk3588/host/aarch64-buildroot-linux-gnu/sysroot   -D_LARGEFILE_SOURCE -D_LARGEFILE64_SOURCE -D_FILE_OFFSET_BITS=64 -Os -g0 -D_FORTIFY_SOURCE=1   -DNDEBUG   -o CMakeFiles/cmTC_3f26b.dir/testCCompiler.c.o   -c /mnt/hgfs/sh/3588f_218/218projects/hiat-tracking-baseboard/src/getimg/build/CMakeFiles/CMakeTmp/testCCompiler.c
Linking C executable cmTC_3f26b
/usr/bin/cmake -E cmake_link_script CMakeFiles/cmTC_3f26b.dir/link.txt --verbose=1
/home/tronlong/RK3588/rk3588-buildroot-2021.11-sdk-v1.1/buildroot/output/rockchip_rk3588/host/bin/aarch64-buildroot-linux-gnu-gcc --sysroot=/home/tronlong/RK3588/rk3588-buildroot-2021.11-sdk-v1.1/buildroot/output/rockchip_rk3588/host/aarch64-buildroot-linux-gnu/sysroot -D_LARGEFILE_SOURCE -D_LARGEFILE64_SOURCE -D_FILE_OFFSET_BITS=64 -Os -g0 -D_FORTIFY_SOURCE=1   -DNDEBUG    CMakeFiles/cmTC_3f26b.dir/testCCompiler.c.o  -o cmTC_3f26b 
make[1]: Leaving directory '/mnt/hgfs/sh/3588f_218/218projects/hiat-tracking-baseboard/src/getimg/build/CMakeFiles/CMakeTmp'



Detecting C compiler ABI info compiled with the following output:
Change Dir: /mnt/hgfs/sh/3588f_218/218projects/hiat-tracking-baseboard/src/getimg/build/CMakeFiles/CMakeTmp

Run Build Command(s):/usr/bin/make cmTC_7ddbc/fast && /usr/bin/make -f CMakeFiles/cmTC_7ddbc.dir/build.make CMakeFiles/cmTC_7ddbc.dir/build
make[1]: Entering directory '/mnt/hgfs/sh/3588f_218/218projects/hiat-tracking-baseboard/src/getimg/build/CMakeFiles/CMakeTmp'
Building C object CMakeFiles/cmTC_7ddbc.dir/CMakeCCompilerABI.c.o
/home/tronlong/RK3588/rk3588-buildroot-2021.11-sdk-v1.1/buildroot/output/rockchip_rk3588/host/bin/aarch64-buildroot-linux-gnu-gcc --sysroot=/home/tronlong/RK3588/rk3588-buildroot-2021.11-sdk-v1.1/buildroot/output/rockchip_rk3588/host/aarch64-buildroot-linux-gnu/sysroot   -D_LARGEFILE_SOURCE -D_LARGEFILE64_SOURCE -D_FILE_OFFSET_BITS=64 -Os -g0 -D_FORTIFY_SOURCE=1   -DNDEBUG   -v -o CMakeFiles/cmTC_7ddbc.dir/CMakeCCompilerABI.c.o   -c /usr/share/cmake-3.16/Modules/CMakeCCompilerABI.c
Using built-in specs.
COLLECT_GCC=/home/tronlong/RK3588/rk3588-buildroot-2021.11-sdk-v1.1/buildroot/output/rockchip_rk3588/host/bin/aarch64-buildroot-linux-gnu-gcc.br_real
Target: aarch64-buildroot-linux-gnu
Configured with: ./configure --prefix=/home/tronlong/RK3588/rk3588-buildroot-2021.11-sdk-v1.1/buildroot/output/rockchip_rk3588/host --sysconfdir=/home/tronlong/RK3588/rk3588-buildroot-2021.11-sdk-v1.1/buildroot/output/rockchip_rk3588/host/etc --enable-static --target=aarch64-buildroot-linux-gnu --with-sysroot=/home/tronlong/RK3588/rk3588-buildroot-2021.11-sdk-v1.1/buildroot/output/rockchip_rk3588/host/aarch64-buildroot-linux-gnu/sysroot --enable-__cxa_atexit --with-gnu-ld --disable-libssp --disable-multilib --disable-decimal-float --enable-plugins --enable-lto --with-gmp=/home/tronlong/RK3588/rk3588-buildroot-2021.11-sdk-v1.1/buildroot/output/rockchip_rk3588/host --with-mpc=/home/tronlong/RK3588/rk3588-buildroot-2021.11-sdk-v1.1/buildroot/output/rockchip_rk3588/host --with-mpfr=/home/tronlong/RK3588/rk3588-buildroot-2021.11-sdk-v1.1/buildroot/output/rockchip_rk3588/host --with-pkgversion='Buildroot 2021.11 Wed Jan  8 19:01:50 CST 2025' --with-bugurl=http://bugs.buildroot.net/ --without-zstd --disable-libquadmath --disable-libquadmath-support --enable-tls --enable-threads --without-isl --without-cloog --with-abi=lp64 --with-cpu=cortex-a76.cortex-a55 --enable-languages=c,c++ --with-build-time-tools=/home/tronlong/RK3588/rk3588-buildroot-2021.11-sdk-v1.1/buildroot/output/rockchip_rk3588/host/aarch64-buildroot-linux-gnu/bin --enable-shared --disable-libgomp
Thread model: posix
Supported LTO compression algorithms: zlib
gcc version 11.3.0 (Buildroot 2021.11 Wed Jan  8 19:01:50 CST 2025) 
COLLECT_GCC_OPTIONS='-fstack-protector-strong' '-fPIE' '-Os' '-g0' '-v' '-pie' '-D' '_LARGEFILE_SOURCE' '-D' '_LARGEFILE64_SOURCE' '-D' '_FILE_OFFSET_BITS=64' '-D' '_FORTIFY_SOURCE=1' '-D' 'NDEBUG' '-c' '-o' 'CMakeFiles/cmTC_12886.dir/CMakeCCompilerABI.c.o' '-mcpu=cortex-a76.cortex-a55' '-mlittle-endian' '-mabi=lp64' '-dumpdir' 'CMakeFiles/cmTC_12886.dir/'
 /home/tronlong/RK3588/rk3588-buildroot-2021.11-sdk-v1.1/buildroot/output/rockchip_rk3588/host/libexec/gcc/aarch64-buildroot-linux-gnu/11.3.0/cc1 -quiet -v -isysroot ../../../../../../../../../../../home/tronlong/RK3588/rk3588-buildroot-2021.11-sdk-v1.1/buildroot/output/rockchip_rk3588/host/aarch64-buildroot-linux-gnu/sysroot -D _LARGEFILE_SOURCE -D _LARGEFILE64_SOURCE -D _FILE_OFFSET_BITS=64 -D _FORTIFY_SOURCE=1 -D NDEBUG /usr/share/cmake-3.16/Modules/CMakeCCompilerABI.c -quiet -dumpdir CMakeFiles/cmTC_12886.dir/ -dumpbase CMakeCCompilerABI.c.c -dumpbase-ext .c -mcpu=cortex-a76.cortex-a55 -mlittle-endian -mabi=lp64 -g0 -Os -version -fstack-protector-strong -fPIE -o /tmp/cc8GJCZt.s
GNU C17 (Buildroot 2021.11 Wed Jan  8 19:01:50 CST 2025) version 11.3.0 (aarch64-buildroot-linux-gnu)
	compiled by GNU C version 9.4.0, GMP version 6.2.1, MPFR version 4.1.0, MPC version 1.2.1, isl version none
GGC heuristics: --param ggc-min-expand=100 --param ggc-min-heapsize=131072
ignoring nonexistent directory "../../../../../../../../../../../home/tronlong/RK3588/rk3588-buildroot-2021.11-sdk-v1.1/buildroot/output/rockchip_rk3588/host/aarch64-buildroot-linux-gnu/sysroot/usr/local/include"
#include "..." search starts here:
#include <...> search starts here:
 /home/tronlong/RK3588/rk3588-buildroot-2021.11-sdk-v1.1/buildroot/output/rockchip_rk3588/host/lib/gcc/aarch64-buildroot-linux-gnu/11.3.0/include
 /home/tronlong/RK3588/rk3588-buildroot-2021.11-sdk-v1.1/buildroot/output/rockchip_rk3588/host/lib/gcc/aarch64-buildroot-linux-gnu/11.3.0/include-fixed
 /home/tronlong/RK3588/rk3588-buildroot-2021.11-sdk-v1.1/buildroot/output/rockchip_rk3588/host/lib/gcc/aarch64-buildroot-linux-gnu/11.3.0/../../../../aarch64-buildroot-linux-gnu/include
 ../../../../../../../../../../../home/tronlong/RK3588/rk3588-buildroot-2021.11-sdk-v1.1/buildroot/output/rockchip_rk3588/host/aarch64-buildroot-linux-gnu/sysroot/usr/include
End of search list.
GNU C17 (Buildroot 2021.11 Wed Jan  8 19:01:50 CST 2025) version 11.3.0 (aarch64-buildroot-linux-gnu)
	compiled by GNU C version 9.4.0, GMP version 6.2.1, MPFR version 4.1.0, MPC version 1.2.1, isl version none
GGC heuristics: --param ggc-min-expand=100 --param ggc-min-heapsize=131072
Compiler executable checksum: 92e26316091ceecf8ee47179b1e99222
COLLECT_GCC_OPTIONS='-fstack-protector-strong' '-fPIE' '-Os' '-g0' '-v' '-pie' '-D' '_LARGEFILE_SOURCE' '-D' '_LARGEFILE64_SOURCE' '-D' '_FILE_OFFSET_BITS=64' '-D' '_FORTIFY_SOURCE=1' '-D' 'NDEBUG' '-c' '-o' 'CMakeFiles/cmTC_12886.dir/CMakeCCompilerABI.c.o' '-mcpu=cortex-a76.cortex-a55' '-mlittle-endian' '-mabi=lp64' '-dumpdir' 'CMakeFiles/cmTC_12886.dir/'
 /home/tronlong/RK3588/rk3588-buildroot-2021.11-sdk-v1.1/buildroot/output/rockchip_rk3588/host/lib/gcc/aarch64-buildroot-linux-gnu/11.3.0/../../../../aarch64-buildroot-linux-gnu/bin/as -v -EL -march=armv8.2-a+fp16+rcpc+dotprod -mabi=lp64 -o CMakeFiles/cmTC_12886.dir/CMakeCCompilerABI.c.o /tmp/cc8GJCZt.s
GNU assembler version 2.38 (aarch64-buildroot-linux-gnu) using BFD version (GNU Binutils) 2.38
COMPILER_PATH=/home/tronlong/RK3588/rk3588-buildroot-2021.11-sdk-v1.1/buildroot/output/rockchip_rk3588/host/libexec/gcc/aarch64-buildroot-linux-gnu/11.3.0/:/home/tronlong/RK3588/rk3588-buildroot-2021.11-sdk-v1.1/buildroot/output/rockchip_rk3588/host/libexec/gcc/aarch64-buildroot-linux-gnu/11.3.0/:/home/tronlong/RK3588/rk3588-buildroot-2021.11-sdk-v1.1/buildroot/output/rockchip_rk3588/host/libexec/gcc/aarch64-buildroot-linux-gnu/:/home/tronlong/RK3588/rk3588-buildroot-2021.11-sdk-v1.1/buildroot/output/rockchip_rk3588/host/lib/gcc/aarch64-buildroot-linux-gnu/11.3.0/:/home/tronlong/RK3588/rk3588-buildroot-2021.11-sdk-v1.1/buildroot/output/rockchip_rk3588/host/lib/gcc/aarch64-buildroot-linux-gnu/:/home/tronlong/RK3588/rk3588-buildroot-2021.11-sdk-v1.1/buildroot/output/rockchip_rk3588/host/lib/gcc/aarch64-buildroot-linux-gnu/11.3.0/../../../../aarch64-buildroot-linux-gnu/bin/
LIBRARY_PATH=/home/tronlong/RK3588/rk3588-buildroot-2021.11-sdk-v1.1/buildroot/output/rockchip_rk3588/host/lib/gcc/aarch64-buildroot-linux-gnu/11.3.0/:/home/tronlong/RK3588/rk3588-buildroot-2021.11-sdk-v1.1/buildroot/output/rockchip_rk3588/host/lib/gcc/aarch64-buildroot-linux-gnu/11.3.0/../../../../aarch64-buildroot-linux-gnu/lib/../lib64/:../../../../../../../../../../../home/tronlong/RK3588/rk3588-buildroot-2021.11-sdk-v1.1/buildroot/output/rockchip_rk3588/host/aarch64-buildroot-linux-gnu/sysroot/lib/../lib64/:../../../../../../../../../../../home/tronlong/RK3588/rk3588-buildroot-2021.11-sdk-v1.1/buildroot/output/rockchip_rk3588/host/aarch64-buildroot-linux-gnu/sysroot/usr/lib/../lib64/:/home/tronlong/RK3588/rk3588-buildroot-2021.11-sdk-v1.1/buildroot/output/rockchip_rk3588/host/lib/gcc/aarch64-buildroot-linux-gnu/11.3.0/../../../../aarch64-buildroot-linux-gnu/lib/:../../../../../../../../../../../home/tronlong/RK3588/rk3588-buildroot-2021.11-sdk-v1.1/buildroot/output/rockchip_rk3588/host/aarch64-buildroot-linux-gnu/sysroot/lib/:../../../../../../../../../../../home/tronlong/RK3588/rk3588-buildroot-2021.11-sdk-v1.1/buildroot/output/rockchip_rk3588/host/aarch64-buildroot-linux-gnu/sysroot/usr/lib/
COLLECT_GCC_OPTIONS='-fstack-protector-strong' '-fPIE' '-Os' '-g0' '-v' '-pie' '-D' '_LARGEFILE_SOURCE' '-D' '_LARGEFILE64_SOURCE' '-D' '_FILE_OFFSET_BITS=64' '-D' '_FORTIFY_SOURCE=1' '-D' 'NDEBUG' '-c' '-o' 'CMakeFiles/cmTC_12886.dir/CMakeCCompilerABI.c.o' '-mcpu=cortex-a76.cortex-a55' '-mlittle-endian' '-mabi=lp64' '-dumpdir' 'CMakeFiles/cmTC_12886.dir/CMakeCCompilerABI.c.'
Linking C executable cmTC_7ddbc
/usr/bin/cmake -E cmake_link_script CMakeFiles/cmTC_7ddbc.dir/link.txt --verbose=1
/home/tronlong/RK3588/rk3588-buildroot-2021.11-sdk-v1.1/buildroot/output/rockchip_rk3588/host/bin/aarch64-buildroot-linux-gnu-gcc --sysroot=/home/tronlong/RK3588/rk3588-buildroot-2021.11-sdk-v1.1/buildroot/output/rockchip_rk3588/host/aarch64-buildroot-linux-gnu/sysroot -D_LARGEFILE_SOURCE -D_LARGEFILE64_SOURCE -D_FILE_OFFSET_BITS=64 -Os -g0 -D_FORTIFY_SOURCE=1   -DNDEBUG   -v CMakeFiles/cmTC_7ddbc.dir/CMakeCCompilerABI.c.o  -o cmTC_7ddbc 
Using built-in specs.
COLLECT_GCC=/home/tronlong/RK3588/rk3588-buildroot-2021.11-sdk-v1.1/buildroot/output/rockchip_rk3588/host/bin/aarch64-buildroot-linux-gnu-gcc.br_real
COLLECT_LTO_WRAPPER=/home/tronlong/RK3588/rk3588-buildroot-2021.11-sdk-v1.1/buildroot/output/rockchip_rk3588/host/libexec/gcc/aarch64-buildroot-linux-gnu/11.3.0/lto-wrapper
Target: aarch64-buildroot-linux-gnu
Configured with: ./configure --prefix=/home/tronlong/RK3588/rk3588-buildroot-2021.11-sdk-v1.1/buildroot/output/rockchip_rk3588/host --sysconfdir=/home/tronlong/RK3588/rk3588-buildroot-2021.11-sdk-v1.1/buildroot/output/rockchip_rk3588/host/etc --enable-static --target=aarch64-buildroot-linux-gnu --with-sysroot=/home/tronlong/RK3588/rk3588-buildroot-2021.11-sdk-v1.1/buildroot/output/rockchip_rk3588/host/aarch64-buildroot-linux-gnu/sysroot --enable-__cxa_atexit --with-gnu-ld --disable-libssp --disable-multilib --disable-decimal-float --enable-plugins --enable-lto --with-gmp=/home/tronlong/RK3588/rk3588-buildroot-2021.11-sdk-v1.1/buildroot/output/rockchip_rk3588/host --with-mpc=/home/tronlong/RK3588/rk3588-buildroot-2021.11-sdk-v1.1/buildroot/output/rockchip_rk3588/host --with-mpfr=/home/tronlong/RK3588/rk3588-buildroot-2021.11-sdk-v1.1/buildroot/output/rockchip_rk3588/host --with-pkgversion='Buildroot 2021.11 Wed Jan  8 19:01:50 CST 2025' --with-bugurl=http://bugs.buildroot.net/ --without-zstd --disable-libquadmath --disable-libquadmath-support --enable-tls --enable-threads --without-isl --without-cloog --with-abi=lp64 --with-cpu=cortex-a76.cortex-a55 --enable-languages=c,c++ --with-build-time-tools=/home/tronlong/RK3588/rk3588-buildroot-2021.11-sdk-v1.1/buildroot/output/rockchip_rk3588/host/aarch64-buildroot-linux-gnu/bin --enable-shared --disable-libgomp
Thread model: posix
Supported LTO compression algorithms: zlib
gcc version 11.3.0 (Buildroot 2021.11 Wed Jan  8 19:01:50 CST 2025) 
COMPILER_PATH=/home/tronlong/RK3588/rk3588-buildroot-2021.11-sdk-v1.1/buildroot/output/rockchip_rk3588/host/libexec/gcc/aarch64-buildroot-linux-gnu/11.3.0/:/home/tronlong/RK3588/rk3588-buildroot-2021.11-sdk-v1.1/buildroot/output/rockchip_rk3588/host/libexec/gcc/aarch64-buildroot-linux-gnu/11.3.0/:/home/tronlong/RK3588/rk3588-buildroot-2021.11-sdk-v1.1/buildroot/output/rockchip_rk3588/host/libexec/gcc/aarch64-buildroot-linux-gnu/:/home/tronlong/RK3588/rk3588-buildroot-2021.11-sdk-v1.1/buildroot/output/rockchip_rk3588/host/lib/gcc/aarch64-buildroot-linux-gnu/11.3.0/:/home/tronlong/RK3588/rk3588-buildroot-2021.11-sdk-v1.1/buildroot/output/rockchip_rk3588/host/lib/gcc/aarch64-buildroot-linux-gnu/:/home/tronlong/RK3588/rk3588-buildroot-2021.11-sdk-v1.1/buildroot/output/rockchip_rk3588/host/lib/gcc/aarch64-buildroot-linux-gnu/11.3.0/../../../../aarch64-buildroot-linux-gnu/bin/
LIBRARY_PATH=/home/tronlong/RK3588/rk3588-buildroot-2021.11-sdk-v1.1/buildroot/output/rockchip_rk3588/host/lib/gcc/aarch64-buildroot-linux-gnu/11.3.0/:/home/tronlong/RK3588/rk3588-buildroot-2021.11-sdk-v1.1/buildroot/output/rockchip_rk3588/host/lib/gcc/aarch64-buildroot-linux-gnu/11.3.0/../../../../aarch64-buildroot-linux-gnu/lib/../lib64/:/home/tronlong/RK3588/rk3588-buildroot-2021.11-sdk-v1.1/buildroot/output/rockchip_rk3588/host/aarch64-buildroot-linux-gnu/sysroot/lib/../lib64/:/home/tronlong/RK3588/rk3588-buildroot-2021.11-sdk-v1.1/buildroot/output/rockchip_rk3588/host/aarch64-buildroot-linux-gnu/sysroot/usr/lib/../lib64/:/home/tronlong/RK3588/rk3588-buildroot-2021.11-sdk-v1.1/buildroot/output/rockchip_rk3588/host/lib/gcc/aarch64-buildroot-linux-gnu/11.3.0/../../../../aarch64-buildroot-linux-gnu/lib/:/home/tronlong/RK3588/rk3588-buildroot-2021.11-sdk-v1.1/buildroot/output/rockchip_rk3588/host/aarch64-buildroot-linux-gnu/sysroot/lib/:/home/tronlong/RK3588/rk3588-buildroot-2021.11-sdk-v1.1/buildroot/output/rockchip_rk3588/host/aarch64-buildroot-linux-gnu/sysroot/usr/lib/
COLLECT_GCC_OPTIONS='-fstack-protector-strong' '-fPIE' '-pie' '-D' '_LARGEFILE_SOURCE' '-D' '_LARGEFILE64_SOURCE' '-D' '_FILE_OFFSET_BITS=64' '-Os' '-g0' '-D' '_FORTIFY_SOURCE=1' '-D' 'NDEBUG' '-v' '-o' 'cmTC_7ddbc' '-mcpu=cortex-a76.cortex-a55' '-mlittle-endian' '-mabi=lp64' '-dumpdir' 'cmTC_7ddbc.'
 /home/tronlong/RK3588/rk3588-buildroot-2021.11-sdk-v1.1/buildroot/output/rockchip_rk3588/host/libexec/gcc/aarch64-buildroot-linux-gnu/11.3.0/collect2 -plugin /home/tronlong/RK3588/rk3588-buildroot-2021.11-sdk-v1.1/buildroot/output/rockchip_rk3588/host/libexec/gcc/aarch64-buildroot-linux-gnu/11.3.0/liblto_plugin.so -plugin-opt=/home/tronlong/RK3588/rk3588-buildroot-2021.11-sdk-v1.1/buildroot/output/rockchip_rk3588/host/libexec/gcc/aarch64-buildroot-linux-gnu/11.3.0/lto-wrapper -plugin-opt=-fresolution=/tmp/ccmpNrIB.res -plugin-opt=-pass-through=-lgcc -plugin-opt=-pass-through=-lgcc_s -plugin-opt=-pass-through=-lc -plugin-opt=-pass-through=-lgcc -plugin-opt=-pass-through=-lgcc_s --sysroot=/home/tronlong/RK3588/rk3588-buildroot-2021.11-sdk-v1.1/buildroot/output/rockchip_rk3588/host/aarch64-buildroot-linux-gnu/sysroot --eh-frame-hdr -dynamic-linker /lib/ld-linux-aarch64.so.1 -X -EL -maarch64linux -pie -o cmTC_7ddbc /home/tronlong/RK3588/rk3588-buildroot-2021.11-sdk-v1.1/buildroot/output/rockchip_rk3588/host/aarch64-buildroot-linux-gnu/sysroot/lib/../lib64/Scrt1.o /home/tronlong/RK3588/rk3588-buildroot-2021.11-sdk-v1.1/buildroot/output/rockchip_rk3588/host/aarch64-buildroot-linux-gnu/sysroot/lib/../lib64/crti.o /home/tronlong/RK3588/rk3588-buildroot-2021.11-sdk-v1.1/buildroot/output/rockchip_rk3588/host/lib/gcc/aarch64-buildroot-linux-gnu/11.3.0/crtbeginS.o -L/home/tronlong/RK3588/rk3588-buildroot-2021.11-sdk-v1.1/buildroot/output/rockchip_rk3588/host/lib/gcc/aarch64-buildroot-linux-gnu/11.3.0 -L/home/tronlong/RK3588/rk3588-buildroot-2021.11-sdk-v1.1/buildroot/output/rockchip_rk3588/host/lib/gcc/aarch64-buildroot-linux-gnu/11.3.0/../../../../aarch64-buildroot-linux-gnu/lib/../lib64 -L/home/tronlong/RK3588/rk3588-buildroot-2021.11-sdk-v1.1/buildroot/output/rockchip_rk3588/host/aarch64-buildroot-linux-gnu/sysroot/lib/../lib64 -L/home/tronlong/RK3588/rk3588-buildroot-2021.11-sdk-v1.1/buildroot/output/rockchip_rk3588/host/aarch64-buildroot-linux-gnu/sysroot/usr/lib/../lib64 -L/home/tronlong/RK3588/rk3588-buildroot-2021.11-sdk-v1.1/buildroot/output/rockchip_rk3588/host/lib/gcc/aarch64-buildroot-linux-gnu/11.3.0/../../../../aarch64-buildroot-linux-gnu/lib -L/home/tronlong/RK3588/rk3588-buildroot-2021.11-sdk-v1.1/buildroot/output/rockchip_rk3588/host/aarch64-buildroot-linux-gnu/sysroot/lib -L/home/tronlong/RK3588/rk3588-buildroot-2021.11-sdk-v1.1/buildroot/output/rockchip_rk3588/host/aarch64-buildroot-linux-gnu/sysroot/usr/lib -z now -z relro CMakeFiles/cmTC_7ddbc.dir/CMakeCCompilerABI.c.o -lgcc --push-state --as-needed -lgcc_s --pop-state -lc -lgcc --push-state --as-needed -lgcc_s --pop-state /home/tronlong/RK3588/rk3588-buildroot-2021.11-sdk-v1.1/buildroot/output/rockchip_rk3588/host/lib/gcc/aarch64-buildroot-linux-gnu/11.3.0/crtendS.o /home/tronlong/RK3588/rk3588-buildroot-2021.11-sdk-v1.1/buildroot/output/rockchip_rk3588/host/aarch64-buildroot-linux-gnu/sysroot/lib/../lib64/crtn.o
COLLECT_GCC_OPTIONS='-fstack-protector-strong' '-fPIE' '-pie' '-D' '_LARGEFILE_SOURCE' '-D' '_LARGEFILE64_SOURCE' '-D' '_FILE_OFFSET_BITS=64' '-Os' '-g0' '-D' '_FORTIFY_SOURCE=1' '-D' 'NDEBUG' '-v' '-o' 'cmTC_7ddbc' '-mcpu=cortex-a76.cortex-a55' '-mlittle-endian' '-mabi=lp64' '-dumpdir' 'cmTC_7ddbc.'
make[1]: Leaving directory '/mnt/hgfs/sh/3588f_218/218projects/hiat-tracking-baseboard/src/getimg/build/CMakeFiles/CMakeTmp'



Parsed C implicit include dir info from above output: rv=done
  found start of include info
  found start of implicit include info
    add: [/home/tronlong/RK3588/rk3588-buildroot-2021.11-sdk-v1.1/buildroot/output/rockchip_rk3588/host/lib/gcc/aarch64-buildroot-linux-gnu/11.3.0/include]
    add: [/home/tronlong/RK3588/rk3588-buildroot-2021.11-sdk-v1.1/buildroot/output/rockchip_rk3588/host/lib/gcc/aarch64-buildroot-linux-gnu/11.3.0/include-fixed]
    add: [/home/tronlong/RK3588/rk3588-buildroot-2021.11-sdk-v1.1/buildroot/output/rockchip_rk3588/host/lib/gcc/aarch64-buildroot-linux-gnu/11.3.0/../../../../aarch64-buildroot-linux-gnu/include]
    add: [../../../../../../../../../../../home/tronlong/RK3588/rk3588-buildroot-2021.11-sdk-v1.1/buildroot/output/rockchip_rk3588/host/aarch64-buildroot-linux-gnu/sysroot/usr/include]
  end of search list found
  collapse include dir [/home/tronlong/RK3588/rk3588-buildroot-2021.11-sdk-v1.1/buildroot/output/rockchip_rk3588/host/lib/gcc/aarch64-buildroot-linux-gnu/11.3.0/include] ==> [/home/tronlong/RK3588/rk3588-buildroot-2021.11-sdk-v1.1/buildroot/output/rockchip_rk3588/host/lib/gcc/aarch64-buildroot-linux-gnu/11.3.0/include]
  collapse include dir [/home/tronlong/RK3588/rk3588-buildroot-2021.11-sdk-v1.1/buildroot/output/rockchip_rk3588/host/lib/gcc/aarch64-buildroot-linux-gnu/11.3.0/include-fixed] ==> [/home/tronlong/RK3588/rk3588-buildroot-2021.11-sdk-v1.1/buildroot/output/rockchip_rk3588/host/lib/gcc/aarch64-buildroot-linux-gnu/11.3.0/include-fixed]
  collapse include dir [/home/tronlong/RK3588/rk3588-buildroot-2021.11-sdk-v1.1/buildroot/output/rockchip_rk3588/host/lib/gcc/aarch64-buildroot-linux-gnu/11.3.0/../../../../aarch64-buildroot-linux-gnu/include] ==> [/home/tronlong/RK3588/rk3588-buildroot-2021.11-sdk-v1.1/buildroot/output/rockchip_rk3588/host/aarch64-buildroot-linux-gnu/include]
  collapse relative include dir [../../../../../../../../../../../home/tronlong/RK3588/rk3588-buildroot-2021.11-sdk-v1.1/buildroot/output/rockchip_rk3588/host/aarch64-buildroot-linux-gnu/sysroot/usr/include] ==> [/home/tronlong/RK3588/rk3588-buildroot-2021.11-sdk-v1.1/buildroot/output/rockchip_rk3588/host/aarch64-buildroot-linux-gnu/sysroot/usr/include]
  implicit include dirs: [/home/tronlong/RK3588/rk3588-buildroot-2021.11-sdk-v1.1/buildroot/output/rockchip_rk3588/host/lib/gcc/aarch64-buildroot-linux-gnu/11.3.0/include;/home/tronlong/RK3588/rk3588-buildroot-2021.11-sdk-v1.1/buildroot/output/rockchip_rk3588/host/lib/gcc/aarch64-buildroot-linux-gnu/11.3.0/include-fixed;/home/tronlong/RK3588/rk3588-buildroot-2021.11-sdk-v1.1/buildroot/output/rockchip_rk3588/host/aarch64-buildroot-linux-gnu/include;/home/tronlong/RK3588/rk3588-buildroot-2021.11-sdk-v1.1/buildroot/output/rockchip_rk3588/host/aarch64-buildroot-linux-gnu/sysroot/usr/include]


Parsed C implicit link information from above output:
  link line regex: [^( *|.*[/\])(aarch64-buildroot-linux-gnu-ld|CMAKE_LINK_STARTFILE-NOTFOUND|([^/\]+-)?ld|collect2)[^/\]*( |$)]
  ignore line: [Change Dir: /mnt/hgfs/sh/3588f_218/218projects/hiat-tracking-baseboard/src/getimg/build/CMakeFiles/CMakeTmp]
  ignore line: []
  ignore line: [Run Build Command(s):/usr/bin/make cmTC_7ddbc/fast && /usr/bin/make -f CMakeFiles/cmTC_7ddbc.dir/build.make CMakeFiles/cmTC_7ddbc.dir/build]
  ignore line: [make[1]: Entering directory '/mnt/hgfs/sh/3588f_218/218projects/hiat-tracking-baseboard/src/getimg/build/CMakeFiles/CMakeTmp']
  ignore line: [Building C object CMakeFiles/cmTC_7ddbc.dir/CMakeCCompilerABI.c.o]
  ignore line: [/home/tronlong/RK3588/rk3588-buildroot-2021.11-sdk-v1.1/buildroot/output/rockchip_rk3588/host/bin/aarch64-buildroot-linux-gnu-gcc --sysroot=/home/tronlong/RK3588/rk3588-buildroot-2021.11-sdk-v1.1/buildroot/output/rockchip_rk3588/host/aarch64-buildroot-linux-gnu/sysroot   -D_LARGEFILE_SOURCE -D_LARGEFILE64_SOURCE -D_FILE_OFFSET_BITS=64 -Os -g0 -D_FORTIFY_SOURCE=1   -DNDEBUG   -v -o CMakeFiles/cmTC_7ddbc.dir/CMakeCCompilerABI.c.o   -c /usr/share/cmake-3.16/Modules/CMakeCCompilerABI.c]
  ignore line: [Using built-in specs.]
  ignore line: [COLLECT_GCC=/home/tronlong/RK3588/rk3588-buildroot-2021.11-sdk-v1.1/buildroot/output/rockchip_rk3588/host/bin/aarch64-buildroot-linux-gnu-gcc.br_real]
  ignore line: [Target: aarch64-buildroot-linux-gnu]
  ignore line: [Configured with: ./configure --prefix=/home/tronlong/RK3588/rk3588-buildroot-2021.11-sdk-v1.1/buildroot/output/rockchip_rk3588/host --sysconfdir=/home/tronlong/RK3588/rk3588-buildroot-2021.11-sdk-v1.1/buildroot/output/rockchip_rk3588/host/etc --enable-static --target=aarch64-buildroot-linux-gnu --with-sysroot=/home/tronlong/RK3588/rk3588-buildroot-2021.11-sdk-v1.1/buildroot/output/rockchip_rk3588/host/aarch64-buildroot-linux-gnu/sysroot --enable-__cxa_atexit --with-gnu-ld --disable-libssp --disable-multilib --disable-decimal-float --enable-plugins --enable-lto --with-gmp=/home/tronlong/RK3588/rk3588-buildroot-2021.11-sdk-v1.1/buildroot/output/rockchip_rk3588/host --with-mpc=/home/tronlong/RK3588/rk3588-buildroot-2021.11-sdk-v1.1/buildroot/output/rockchip_rk3588/host --with-mpfr=/home/tronlong/RK3588/rk3588-buildroot-2021.11-sdk-v1.1/buildroot/output/rockchip_rk3588/host --with-pkgversion='Buildroot 2021.11 Wed Jan  8 19:01:50 CST 2025' --with-bugurl=http://bugs.buildroot.net/ --without-zstd --disable-libquadmath --disable-libquadmath-support --enable-tls --enable-threads --without-isl --without-cloog --with-abi=lp64 --with-cpu=cortex-a76.cortex-a55 --enable-languages=c,c++ --with-build-time-tools=/home/tronlong/RK3588/rk3588-buildroot-2021.11-sdk-v1.1/buildroot/output/rockchip_rk3588/host/aarch64-buildroot-linux-gnu/bin --enable-shared --disable-libgomp]
  ignore line: [Thread model: posix]
  ignore line: [Supported LTO compression algorithms: zlib]
  ignore line: [gcc version 11.3.0 (Buildroot 2021.11 Wed Jan  8 19:01:50 CST 2025) ]
  ignore line: [COLLECT_GCC_OPTIONS='-fstack-protector-strong' '-fPIE' '-Os' '-g0' '-v' '-pie' '-D' '_LARGEFILE_SOURCE' '-D' '_LARGEFILE64_SOURCE' '-D' '_FILE_OFFSET_BITS=64' '-D' '_FORTIFY_SOURCE=1' '-D' 'NDEBUG' '-c' '-o' 'CMakeFiles/cmTC_12886.dir/CMakeCCompilerABI.c.o' '-mcpu=cortex-a76.cortex-a55' '-mlittle-endian' '-mabi=lp64' '-dumpdir' 'CMakeFiles/cmTC_12886.dir/']
  ignore line: [ /home/tronlong/RK3588/rk3588-buildroot-2021.11-sdk-v1.1/buildroot/output/rockchip_rk3588/host/libexec/gcc/aarch64-buildroot-linux-gnu/11.3.0/cc1 -quiet -v -isysroot ../../../../../../../../../../../home/tronlong/RK3588/rk3588-buildroot-2021.11-sdk-v1.1/buildroot/output/rockchip_rk3588/host/aarch64-buildroot-linux-gnu/sysroot -D _LARGEFILE_SOURCE -D _LARGEFILE64_SOURCE -D _FILE_OFFSET_BITS=64 -D _FORTIFY_SOURCE=1 -D NDEBUG /usr/share/cmake-3.16/Modules/CMakeCCompilerABI.c -quiet -dumpdir CMakeFiles/cmTC_12886.dir/ -dumpbase CMakeCCompilerABI.c.c -dumpbase-ext .c -mcpu=cortex-a76.cortex-a55 -mlittle-endian -mabi=lp64 -g0 -Os -version -fstack-protector-strong -fPIE -o /tmp/cc8GJCZt.s]
  ignore line: [GNU C17 (Buildroot 2021.11 Wed Jan  8 19:01:50 CST 2025) version 11.3.0 (aarch64-buildroot-linux-gnu)]
  ignore line: [	compiled by GNU C version 9.4.0  GMP version 6.2.1  MPFR version 4.1.0  MPC version 1.2.1  isl version none]
  ignore line: [GGC heuristics: --param ggc-min-expand=100 --param ggc-min-heapsize=131072]
  ignore line: [ignoring nonexistent directory "../../../../../../../../../../../home/tronlong/RK3588/rk3588-buildroot-2021.11-sdk-v1.1/buildroot/output/rockchip_rk3588/host/aarch64-buildroot-linux-gnu/sysroot/usr/local/include"]
  ignore line: [#include "..." search starts here:]
  ignore line: [#include <...> search starts here:]
  ignore line: [ /home/tronlong/RK3588/rk3588-buildroot-2021.11-sdk-v1.1/buildroot/output/rockchip_rk3588/host/lib/gcc/aarch64-buildroot-linux-gnu/11.3.0/include]
  ignore line: [ /home/tronlong/RK3588/rk3588-buildroot-2021.11-sdk-v1.1/buildroot/output/rockchip_rk3588/host/lib/gcc/aarch64-buildroot-linux-gnu/11.3.0/include-fixed]
  ignore line: [ /home/tronlong/RK3588/rk3588-buildroot-2021.11-sdk-v1.1/buildroot/output/rockchip_rk3588/host/lib/gcc/aarch64-buildroot-linux-gnu/11.3.0/../../../../aarch64-buildroot-linux-gnu/include]
  ignore line: [ ../../../../../../../../../../../home/tronlong/RK3588/rk3588-buildroot-2021.11-sdk-v1.1/buildroot/output/rockchip_rk3588/host/aarch64-buildroot-linux-gnu/sysroot/usr/include]
  ignore line: [End of search list.]
  ignore line: [GNU C17 (Buildroot 2021.11 Wed Jan  8 19:01:50 CST 2025) version 11.3.0 (aarch64-buildroot-linux-gnu)]
  ignore line: [	compiled by GNU C version 9.4.0  GMP version 6.2.1  MPFR version 4.1.0  MPC version 1.2.1  isl version none]
  ignore line: [GGC heuristics: --param ggc-min-expand=100 --param ggc-min-heapsize=131072]
  ignore line: [Compiler executable checksum: 92e26316091ceecf8ee47179b1e99222]
  ignore line: [COLLECT_GCC_OPTIONS='-fstack-protector-strong' '-fPIE' '-Os' '-g0' '-v' '-pie' '-D' '_LARGEFILE_SOURCE' '-D' '_LARGEFILE64_SOURCE' '-D' '_FILE_OFFSET_BITS=64' '-D' '_FORTIFY_SOURCE=1' '-D' 'NDEBUG' '-c' '-o' 'CMakeFiles/cmTC_12886.dir/CMakeCCompilerABI.c.o' '-mcpu=cortex-a76.cortex-a55' '-mlittle-endian' '-mabi=lp64' '-dumpdir' 'CMakeFiles/cmTC_12886.dir/']
  ignore line: [ /home/tronlong/RK3588/rk3588-buildroot-2021.11-sdk-v1.1/buildroot/output/rockchip_rk3588/host/lib/gcc/aarch64-buildroot-linux-gnu/11.3.0/../../../../aarch64-buildroot-linux-gnu/bin/as -v -EL -march=armv8.2-a+fp16+rcpc+dotprod -mabi=lp64 -o CMakeFiles/cmTC_12886.dir/CMakeCCompilerABI.c.o /tmp/cc8GJCZt.s]
  ignore line: [GNU assembler version 2.38 (aarch64-buildroot-linux-gnu) using BFD version (GNU Binutils) 2.38]
  ignore line: [COMPILER_PATH=/home/tronlong/RK3588/rk3588-buildroot-2021.11-sdk-v1.1/buildroot/output/rockchip_rk3588/host/libexec/gcc/aarch64-buildroot-linux-gnu/11.3.0/:/home/tronlong/RK3588/rk3588-buildroot-2021.11-sdk-v1.1/buildroot/output/rockchip_rk3588/host/libexec/gcc/aarch64-buildroot-linux-gnu/11.3.0/:/home/tronlong/RK3588/rk3588-buildroot-2021.11-sdk-v1.1/buildroot/output/rockchip_rk3588/host/libexec/gcc/aarch64-buildroot-linux-gnu/:/home/tronlong/RK3588/rk3588-buildroot-2021.11-sdk-v1.1/buildroot/output/rockchip_rk3588/host/lib/gcc/aarch64-buildroot-linux-gnu/11.3.0/:/home/tronlong/RK3588/rk3588-buildroot-2021.11-sdk-v1.1/buildroot/output/rockchip_rk3588/host/lib/gcc/aarch64-buildroot-linux-gnu/:/home/tronlong/RK3588/rk3588-buildroot-2021.11-sdk-v1.1/buildroot/output/rockchip_rk3588/host/lib/gcc/aarch64-buildroot-linux-gnu/11.3.0/../../../../aarch64-buildroot-linux-gnu/bin/]
  ignore line: [LIBRARY_PATH=/home/tronlong/RK3588/rk3588-buildroot-2021.11-sdk-v1.1/buildroot/output/rockchip_rk3588/host/lib/gcc/aarch64-buildroot-linux-gnu/11.3.0/:/home/tronlong/RK3588/rk3588-buildroot-2021.11-sdk-v1.1/buildroot/output/rockchip_rk3588/host/lib/gcc/aarch64-buildroot-linux-gnu/11.3.0/../../../../aarch64-buildroot-linux-gnu/lib/../lib64/:../../../../../../../../../../../home/tronlong/RK3588/rk3588-buildroot-2021.11-sdk-v1.1/buildroot/output/rockchip_rk3588/host/aarch64-buildroot-linux-gnu/sysroot/lib/../lib64/:../../../../../../../../../../../home/tronlong/RK3588/rk3588-buildroot-2021.11-sdk-v1.1/buildroot/output/rockchip_rk3588/host/aarch64-buildroot-linux-gnu/sysroot/usr/lib/../lib64/:/home/tronlong/RK3588/rk3588-buildroot-2021.11-sdk-v1.1/buildroot/output/rockchip_rk3588/host/lib/gcc/aarch64-buildroot-linux-gnu/11.3.0/../../../../aarch64-buildroot-linux-gnu/lib/:../../../../../../../../../../../home/tronlong/RK3588/rk3588-buildroot-2021.11-sdk-v1.1/buildroot/output/rockchip_rk3588/host/aarch64-buildroot-linux-gnu/sysroot/lib/:../../../../../../../../../../../home/tronlong/RK3588/rk3588-buildroot-2021.11-sdk-v1.1/buildroot/output/rockchip_rk3588/host/aarch64-buildroot-linux-gnu/sysroot/usr/lib/]
  ignore line: [COLLECT_GCC_OPTIONS='-fstack-protector-strong' '-fPIE' '-Os' '-g0' '-v' '-pie' '-D' '_LARGEFILE_SOURCE' '-D' '_LARGEFILE64_SOURCE' '-D' '_FILE_OFFSET_BITS=64' '-D' '_FORTIFY_SOURCE=1' '-D' 'NDEBUG' '-c' '-o' 'CMakeFiles/cmTC_12886.dir/CMakeCCompilerABI.c.o' '-mcpu=cortex-a76.cortex-a55' '-mlittle-endian' '-mabi=lp64' '-dumpdir' 'CMakeFiles/cmTC_12886.dir/CMakeCCompilerABI.c.']
  ignore line: [Linking C executable cmTC_7ddbc]
  ignore line: [/usr/bin/cmake -E cmake_link_script CMakeFiles/cmTC_7ddbc.dir/link.txt --verbose=1]
  ignore line: [/home/tronlong/RK3588/rk3588-buildroot-2021.11-sdk-v1.1/buildroot/output/rockchip_rk3588/host/bin/aarch64-buildroot-linux-gnu-gcc --sysroot=/home/tronlong/RK3588/rk3588-buildroot-2021.11-sdk-v1.1/buildroot/output/rockchip_rk3588/host/aarch64-buildroot-linux-gnu/sysroot -D_LARGEFILE_SOURCE -D_LARGEFILE64_SOURCE -D_FILE_OFFSET_BITS=64 -Os -g0 -D_FORTIFY_SOURCE=1   -DNDEBUG   -v CMakeFiles/cmTC_7ddbc.dir/CMakeCCompilerABI.c.o  -o cmTC_7ddbc ]
  ignore line: [Using built-in specs.]
  ignore line: [COLLECT_GCC=/home/tronlong/RK3588/rk3588-buildroot-2021.11-sdk-v1.1/buildroot/output/rockchip_rk3588/host/bin/aarch64-buildroot-linux-gnu-gcc.br_real]
  ignore line: [COLLECT_LTO_WRAPPER=/home/tronlong/RK3588/rk3588-buildroot-2021.11-sdk-v1.1/buildroot/output/rockchip_rk3588/host/libexec/gcc/aarch64-buildroot-linux-gnu/11.3.0/lto-wrapper]
  ignore line: [Target: aarch64-buildroot-linux-gnu]
  ignore line: [Configured with: ./configure --prefix=/home/tronlong/RK3588/rk3588-buildroot-2021.11-sdk-v1.1/buildroot/output/rockchip_rk3588/host --sysconfdir=/home/tronlong/RK3588/rk3588-buildroot-2021.11-sdk-v1.1/buildroot/output/rockchip_rk3588/host/etc --enable-static --target=aarch64-buildroot-linux-gnu --with-sysroot=/home/tronlong/RK3588/rk3588-buildroot-2021.11-sdk-v1.1/buildroot/output/rockchip_rk3588/host/aarch64-buildroot-linux-gnu/sysroot --enable-__cxa_atexit --with-gnu-ld --disable-libssp --disable-multilib --disable-decimal-float --enable-plugins --enable-lto --with-gmp=/home/tronlong/RK3588/rk3588-buildroot-2021.11-sdk-v1.1/buildroot/output/rockchip_rk3588/host --with-mpc=/home/tronlong/RK3588/rk3588-buildroot-2021.11-sdk-v1.1/buildroot/output/rockchip_rk3588/host --with-mpfr=/home/tronlong/RK3588/rk3588-buildroot-2021.11-sdk-v1.1/buildroot/output/rockchip_rk3588/host --with-pkgversion='Buildroot 2021.11 Wed Jan  8 19:01:50 CST 2025' --with-bugurl=http://bugs.buildroot.net/ --without-zstd --disable-libquadmath --disable-libquadmath-support --enable-tls --enable-threads --without-isl --without-cloog --with-abi=lp64 --with-cpu=cortex-a76.cortex-a55 --enable-languages=c,c++ --with-build-time-tools=/home/tronlong/RK3588/rk3588-buildroot-2021.11-sdk-v1.1/buildroot/output/rockchip_rk3588/host/aarch64-buildroot-linux-gnu/bin --enable-shared --disable-libgomp]
  ignore line: [Thread model: posix]
  ignore line: [Supported LTO compression algorithms: zlib]
  ignore line: [gcc version 11.3.0 (Buildroot 2021.11 Wed Jan  8 19:01:50 CST 2025) ]
  ignore line: [COMPILER_PATH=/home/tronlong/RK3588/rk3588-buildroot-2021.11-sdk-v1.1/buildroot/output/rockchip_rk3588/host/libexec/gcc/aarch64-buildroot-linux-gnu/11.3.0/:/home/tronlong/RK3588/rk3588-buildroot-2021.11-sdk-v1.1/buildroot/output/rockchip_rk3588/host/libexec/gcc/aarch64-buildroot-linux-gnu/11.3.0/:/home/tronlong/RK3588/rk3588-buildroot-2021.11-sdk-v1.1/buildroot/output/rockchip_rk3588/host/libexec/gcc/aarch64-buildroot-linux-gnu/:/home/tronlong/RK3588/rk3588-buildroot-2021.11-sdk-v1.1/buildroot/output/rockchip_rk3588/host/lib/gcc/aarch64-buildroot-linux-gnu/11.3.0/:/home/tronlong/RK3588/rk3588-buildroot-2021.11-sdk-v1.1/buildroot/output/rockchip_rk3588/host/lib/gcc/aarch64-buildroot-linux-gnu/:/home/tronlong/RK3588/rk3588-buildroot-2021.11-sdk-v1.1/buildroot/output/rockchip_rk3588/host/lib/gcc/aarch64-buildroot-linux-gnu/11.3.0/../../../../aarch64-buildroot-linux-gnu/bin/]
  ignore line: [LIBRARY_PATH=/home/tronlong/RK3588/rk3588-buildroot-2021.11-sdk-v1.1/buildroot/output/rockchip_rk3588/host/lib/gcc/aarch64-buildroot-linux-gnu/11.3.0/:/home/tronlong/RK3588/rk3588-buildroot-2021.11-sdk-v1.1/buildroot/output/rockchip_rk3588/host/lib/gcc/aarch64-buildroot-linux-gnu/11.3.0/../../../../aarch64-buildroot-linux-gnu/lib/../lib64/:/home/tronlong/RK3588/rk3588-buildroot-2021.11-sdk-v1.1/buildroot/output/rockchip_rk3588/host/aarch64-buildroot-linux-gnu/sysroot/lib/../lib64/:/home/tronlong/RK3588/rk3588-buildroot-2021.11-sdk-v1.1/buildroot/output/rockchip_rk3588/host/aarch64-buildroot-linux-gnu/sysroot/usr/lib/../lib64/:/home/tronlong/RK3588/rk3588-buildroot-2021.11-sdk-v1.1/buildroot/output/rockchip_rk3588/host/lib/gcc/aarch64-buildroot-linux-gnu/11.3.0/../../../../aarch64-buildroot-linux-gnu/lib/:/home/tronlong/RK3588/rk3588-buildroot-2021.11-sdk-v1.1/buildroot/output/rockchip_rk3588/host/aarch64-buildroot-linux-gnu/sysroot/lib/:/home/tronlong/RK3588/rk3588-buildroot-2021.11-sdk-v1.1/buildroot/output/rockchip_rk3588/host/aarch64-buildroot-linux-gnu/sysroot/usr/lib/]
  ignore line: [COLLECT_GCC_OPTIONS='-fstack-protector-strong' '-fPIE' '-pie' '-D' '_LARGEFILE_SOURCE' '-D' '_LARGEFILE64_SOURCE' '-D' '_FILE_OFFSET_BITS=64' '-Os' '-g0' '-D' '_FORTIFY_SOURCE=1' '-D' 'NDEBUG' '-v' '-o' 'cmTC_7ddbc' '-mcpu=cortex-a76.cortex-a55' '-mlittle-endian' '-mabi=lp64' '-dumpdir' 'cmTC_7ddbc.']
  link line: [ /home/tronlong/RK3588/rk3588-buildroot-2021.11-sdk-v1.1/buildroot/output/rockchip_rk3588/host/libexec/gcc/aarch64-buildroot-linux-gnu/11.3.0/collect2 -plugin /home/tronlong/RK3588/rk3588-buildroot-2021.11-sdk-v1.1/buildroot/output/rockchip_rk3588/host/libexec/gcc/aarch64-buildroot-linux-gnu/11.3.0/liblto_plugin.so -plugin-opt=/home/tronlong/RK3588/rk3588-buildroot-2021.11-sdk-v1.1/buildroot/output/rockchip_rk3588/host/libexec/gcc/aarch64-buildroot-linux-gnu/11.3.0/lto-wrapper -plugin-opt=-fresolution=/tmp/ccmpNrIB.res -plugin-opt=-pass-through=-lgcc -plugin-opt=-pass-through=-lgcc_s -plugin-opt=-pass-through=-lc -plugin-opt=-pass-through=-lgcc -plugin-opt=-pass-through=-lgcc_s --sysroot=/home/tronlong/RK3588/rk3588-buildroot-2021.11-sdk-v1.1/buildroot/output/rockchip_rk3588/host/aarch64-buildroot-linux-gnu/sysroot --eh-frame-hdr -dynamic-linker /lib/ld-linux-aarch64.so.1 -X -EL -maarch64linux -pie -o cmTC_7ddbc /home/tronlong/RK3588/rk3588-buildroot-2021.11-sdk-v1.1/buildroot/output/rockchip_rk3588/host/aarch64-buildroot-linux-gnu/sysroot/lib/../lib64/Scrt1.o /home/tronlong/RK3588/rk3588-buildroot-2021.11-sdk-v1.1/buildroot/output/rockchip_rk3588/host/aarch64-buildroot-linux-gnu/sysroot/lib/../lib64/crti.o /home/tronlong/RK3588/rk3588-buildroot-2021.11-sdk-v1.1/buildroot/output/rockchip_rk3588/host/lib/gcc/aarch64-buildroot-linux-gnu/11.3.0/crtbeginS.o -L/home/tronlong/RK3588/rk3588-buildroot-2021.11-sdk-v1.1/buildroot/output/rockchip_rk3588/host/lib/gcc/aarch64-buildroot-linux-gnu/11.3.0 -L/home/tronlong/RK3588/rk3588-buildroot-2021.11-sdk-v1.1/buildroot/output/rockchip_rk3588/host/lib/gcc/aarch64-buildroot-linux-gnu/11.3.0/../../../../aarch64-buildroot-linux-gnu/lib/../lib64 -L/home/tronlong/RK3588/rk3588-buildroot-2021.11-sdk-v1.1/buildroot/output/rockchip_rk3588/host/aarch64-buildroot-linux-gnu/sysroot/lib/../lib64 -L/home/tronlong/RK3588/rk3588-buildroot-2021.11-sdk-v1.1/buildroot/output/rockchip_rk3588/host/aarch64-buildroot-linux-gnu/sysroot/usr/lib/../lib64 -L/home/tronlong/RK3588/rk3588-buildroot-2021.11-sdk-v1.1/buildroot/output/rockchip_rk3588/host/lib/gcc/aarch64-buildroot-linux-gnu/11.3.0/../../../../aarch64-buildroot-linux-gnu/lib -L/home/tronlong/RK3588/rk3588-buildroot-2021.11-sdk-v1.1/buildroot/output/rockchip_rk3588/host/aarch64-buildroot-linux-gnu/sysroot/lib -L/home/tronlong/RK3588/rk3588-buildroot-2021.11-sdk-v1.1/buildroot/output/rockchip_rk3588/host/aarch64-buildroot-linux-gnu/sysroot/usr/lib -z now -z relro CMakeFiles/cmTC_7ddbc.dir/CMakeCCompilerABI.c.o -lgcc --push-state --as-needed -lgcc_s --pop-state -lc -lgcc --push-state --as-needed -lgcc_s --pop-state /home/tronlong/RK3588/rk3588-buildroot-2021.11-sdk-v1.1/buildroot/output/rockchip_rk3588/host/lib/gcc/aarch64-buildroot-linux-gnu/11.3.0/crtendS.o /home/tronlong/RK3588/rk3588-buildroot-2021.11-sdk-v1.1/buildroot/output/rockchip_rk3588/host/aarch64-buildroot-linux-gnu/sysroot/lib/../lib64/crtn.o]
    arg [/home/tronlong/RK3588/rk3588-buildroot-2021.11-sdk-v1.1/buildroot/output/rockchip_rk3588/host/libexec/gcc/aarch64-buildroot-linux-gnu/11.3.0/collect2] ==> ignore
    arg [-plugin] ==> ignore
    arg [/home/tronlong/RK3588/rk3588-buildroot-2021.11-sdk-v1.1/buildroot/output/rockchip_rk3588/host/libexec/gcc/aarch64-buildroot-linux-gnu/11.3.0/liblto_plugin.so] ==> ignore
    arg [-plugin-opt=/home/tronlong/RK3588/rk3588-buildroot-2021.11-sdk-v1.1/buildroot/output/rockchip_rk3588/host/libexec/gcc/aarch64-buildroot-linux-gnu/11.3.0/lto-wrapper] ==> ignore
    arg [-plugin-opt=-fresolution=/tmp/ccmpNrIB.res] ==> ignore
    arg [-plugin-opt=-pass-through=-lgcc] ==> ignore
    arg [-plugin-opt=-pass-through=-lgcc_s] ==> ignore
    arg [-plugin-opt=-pass-through=-lc] ==> ignore
    arg [-plugin-opt=-pass-through=-lgcc] ==> ignore
    arg [-plugin-opt=-pass-through=-lgcc_s] ==> ignore
    arg [--sysroot=/home/tronlong/RK3588/rk3588-buildroot-2021.11-sdk-v1.1/buildroot/output/rockchip_rk3588/host/aarch64-buildroot-linux-gnu/sysroot] ==> ignore
    arg [--eh-frame-hdr] ==> ignore
    arg [-dynamic-linker] ==> ignore
    arg [/lib/ld-linux-aarch64.so.1] ==> ignore
    arg [-X] ==> ignore
    arg [-EL] ==> ignore
    arg [-maarch64linux] ==> ignore
    arg [-pie] ==> ignore
    arg [-o] ==> ignore
    arg [cmTC_7ddbc] ==> ignore
    arg [/home/tronlong/RK3588/rk3588-buildroot-2021.11-sdk-v1.1/buildroot/output/rockchip_rk3588/host/aarch64-buildroot-linux-gnu/sysroot/lib/../lib64/Scrt1.o] ==> ignore
    arg [/home/tronlong/RK3588/rk3588-buildroot-2021.11-sdk-v1.1/buildroot/output/rockchip_rk3588/host/aarch64-buildroot-linux-gnu/sysroot/lib/../lib64/crti.o] ==> ignore
    arg [/home/tronlong/RK3588/rk3588-buildroot-2021.11-sdk-v1.1/buildroot/output/rockchip_rk3588/host/lib/gcc/aarch64-buildroot-linux-gnu/11.3.0/crtbeginS.o] ==> ignore
    arg [-L/home/tronlong/RK3588/rk3588-buildroot-2021.11-sdk-v1.1/buildroot/output/rockchip_rk3588/host/lib/gcc/aarch64-buildroot-linux-gnu/11.3.0] ==> dir [/home/tronlong/RK3588/rk3588-buildroot-2021.11-sdk-v1.1/buildroot/output/rockchip_rk3588/host/lib/gcc/aarch64-buildroot-linux-gnu/11.3.0]
    arg [-L/home/tronlong/RK3588/rk3588-buildroot-2021.11-sdk-v1.1/buildroot/output/rockchip_rk3588/host/lib/gcc/aarch64-buildroot-linux-gnu/11.3.0/../../../../aarch64-buildroot-linux-gnu/lib/../lib64] ==> dir [/home/tronlong/RK3588/rk3588-buildroot-2021.11-sdk-v1.1/buildroot/output/rockchip_rk3588/host/lib/gcc/aarch64-buildroot-linux-gnu/11.3.0/../../../../aarch64-buildroot-linux-gnu/lib/../lib64]
    arg [-L/home/tronlong/RK3588/rk3588-buildroot-2021.11-sdk-v1.1/buildroot/output/rockchip_rk3588/host/aarch64-buildroot-linux-gnu/sysroot/lib/../lib64] ==> dir [/home/tronlong/RK3588/rk3588-buildroot-2021.11-sdk-v1.1/buildroot/output/rockchip_rk3588/host/aarch64-buildroot-linux-gnu/sysroot/lib/../lib64]
    arg [-L/home/tronlong/RK3588/rk3588-buildroot-2021.11-sdk-v1.1/buildroot/output/rockchip_rk3588/host/aarch64-buildroot-linux-gnu/sysroot/usr/lib/../lib64] ==> dir [/home/tronlong/RK3588/rk3588-buildroot-2021.11-sdk-v1.1/buildroot/output/rockchip_rk3588/host/aarch64-buildroot-linux-gnu/sysroot/usr/lib/../lib64]
    arg [-L/home/tronlong/RK3588/rk3588-buildroot-2021.11-sdk-v1.1/buildroot/output/rockchip_rk3588/host/lib/gcc/aarch64-buildroot-linux-gnu/11.3.0/../../../../aarch64-buildroot-linux-gnu/lib] ==> dir [/home/tronlong/RK3588/rk3588-buildroot-2021.11-sdk-v1.1/buildroot/output/rockchip_rk3588/host/lib/gcc/aarch64-buildroot-linux-gnu/11.3.0/../../../../aarch64-buildroot-linux-gnu/lib]
    arg [-L/home/tronlong/RK3588/rk3588-buildroot-2021.11-sdk-v1.1/buildroot/output/rockchip_rk3588/host/aarch64-buildroot-linux-gnu/sysroot/lib] ==> dir [/home/tronlong/RK3588/rk3588-buildroot-2021.11-sdk-v1.1/buildroot/output/rockchip_rk3588/host/aarch64-buildroot-linux-gnu/sysroot/lib]
    arg [-L/home/tronlong/RK3588/rk3588-buildroot-2021.11-sdk-v1.1/buildroot/output/rockchip_rk3588/host/aarch64-buildroot-linux-gnu/sysroot/usr/lib] ==> dir [/home/tronlong/RK3588/rk3588-buildroot-2021.11-sdk-v1.1/buildroot/output/rockchip_rk3588/host/aarch64-buildroot-linux-gnu/sysroot/usr/lib]
    arg [-znow] ==> ignore
    arg [-zrelro] ==> ignore
    arg [CMakeFiles/cmTC_7ddbc.dir/CMakeCCompilerABI.c.o] ==> ignore
    arg [-lgcc] ==> lib [gcc]
    arg [--push-state] ==> ignore
    arg [--as-needed] ==> ignore
    arg [-lgcc_s] ==> lib [gcc_s]
    arg [--pop-state] ==> ignore
    arg [-lc] ==> lib [c]
    arg [-lgcc] ==> lib [gcc]
    arg [--push-state] ==> ignore
    arg [--as-needed] ==> ignore
    arg [-lgcc_s] ==> lib [gcc_s]
    arg [--pop-state] ==> ignore
    arg [/home/tronlong/RK3588/rk3588-buildroot-2021.11-sdk-v1.1/buildroot/output/rockchip_rk3588/host/lib/gcc/aarch64-buildroot-linux-gnu/11.3.0/crtendS.o] ==> ignore
    arg [/home/tronlong/RK3588/rk3588-buildroot-2021.11-sdk-v1.1/buildroot/output/rockchip_rk3588/host/aarch64-buildroot-linux-gnu/sysroot/lib/../lib64/crtn.o] ==> ignore
  collapse library dir [/home/tronlong/RK3588/rk3588-buildroot-2021.11-sdk-v1.1/buildroot/output/rockchip_rk3588/host/lib/gcc/aarch64-buildroot-linux-gnu/11.3.0] ==> [/home/tronlong/RK3588/rk3588-buildroot-2021.11-sdk-v1.1/buildroot/output/rockchip_rk3588/host/lib/gcc/aarch64-buildroot-linux-gnu/11.3.0]
  collapse library dir [/home/tronlong/RK3588/rk3588-buildroot-2021.11-sdk-v1.1/buildroot/output/rockchip_rk3588/host/lib/gcc/aarch64-buildroot-linux-gnu/11.3.0/../../../../aarch64-buildroot-linux-gnu/lib/../lib64] ==> [/home/tronlong/RK3588/rk3588-buildroot-2021.11-sdk-v1.1/buildroot/output/rockchip_rk3588/host/aarch64-buildroot-linux-gnu/lib64]
  collapse library dir [/home/tronlong/RK3588/rk3588-buildroot-2021.11-sdk-v1.1/buildroot/output/rockchip_rk3588/host/aarch64-buildroot-linux-gnu/sysroot/lib/../lib64] ==> [/home/tronlong/RK3588/rk3588-buildroot-2021.11-sdk-v1.1/buildroot/output/rockchip_rk3588/host/aarch64-buildroot-linux-gnu/sysroot/lib64]
  collapse library dir [/home/tronlong/RK3588/rk3588-buildroot-2021.11-sdk-v1.1/buildroot/output/rockchip_rk3588/host/aarch64-buildroot-linux-gnu/sysroot/usr/lib/../lib64] ==> [/home/tronlong/RK3588/rk3588-buildroot-2021.11-sdk-v1.1/buildroot/output/rockchip_rk3588/host/aarch64-buildroot-linux-gnu/sysroot/usr/lib64]
  collapse library dir [/home/tronlong/RK3588/rk3588-buildroot-2021.11-sdk-v1.1/buildroot/output/rockchip_rk3588/host/lib/gcc/aarch64-buildroot-linux-gnu/11.3.0/../../../../aarch64-buildroot-linux-gnu/lib] ==> [/home/tronlong/RK3588/rk3588-buildroot-2021.11-sdk-v1.1/buildroot/output/rockchip_rk3588/host/aarch64-buildroot-linux-gnu/lib]
  collapse library dir [/home/tronlong/RK3588/rk3588-buildroot-2021.11-sdk-v1.1/buildroot/output/rockchip_rk3588/host/aarch64-buildroot-linux-gnu/sysroot/lib] ==> [/home/tronlong/RK3588/rk3588-buildroot-2021.11-sdk-v1.1/buildroot/output/rockchip_rk3588/host/aarch64-buildroot-linux-gnu/sysroot/lib]
  collapse library dir [/home/tronlong/RK3588/rk3588-buildroot-2021.11-sdk-v1.1/buildroot/output/rockchip_rk3588/host/aarch64-buildroot-linux-gnu/sysroot/usr/lib] ==> [/home/tronlong/RK3588/rk3588-buildroot-2021.11-sdk-v1.1/buildroot/output/rockchip_rk3588/host/aarch64-buildroot-linux-gnu/sysroot/usr/lib]
  implicit libs: [gcc;gcc_s;c;gcc;gcc_s]
  implicit dirs: [/home/tronlong/RK3588/rk3588-buildroot-2021.11-sdk-v1.1/buildroot/output/rockchip_rk3588/host/lib/gcc/aarch64-buildroot-linux-gnu/11.3.0;/home/tronlong/RK3588/rk3588-buildroot-2021.11-sdk-v1.1/buildroot/output/rockchip_rk3588/host/aarch64-buildroot-linux-gnu/lib64;/home/tronlong/RK3588/rk3588-buildroot-2021.11-sdk-v1.1/buildroot/output/rockchip_rk3588/host/aarch64-buildroot-linux-gnu/sysroot/lib64;/home/tronlong/RK3588/rk3588-buildroot-2021.11-sdk-v1.1/buildroot/output/rockchip_rk3588/host/aarch64-buildroot-linux-gnu/sysroot/usr/lib64;/home/tronlong/RK3588/rk3588-buildroot-2021.11-sdk-v1.1/buildroot/output/rockchip_rk3588/host/aarch64-buildroot-linux-gnu/lib;/home/tronlong/RK3588/rk3588-buildroot-2021.11-sdk-v1.1/buildroot/output/rockchip_rk3588/host/aarch64-buildroot-linux-gnu/sysroot/lib;/home/tronlong/RK3588/rk3588-buildroot-2021.11-sdk-v1.1/buildroot/output/rockchip_rk3588/host/aarch64-buildroot-linux-gnu/sysroot/usr/lib]
  implicit fwks: []


Determining if the CXX compiler works passed with the following output:
Change Dir: /mnt/hgfs/sh/3588f_218/218projects/hiat-tracking-baseboard/src/getimg/build/CMakeFiles/CMakeTmp

Run Build Command(s):/usr/bin/make cmTC_efc8f/fast && /usr/bin/make -f CMakeFiles/cmTC_efc8f.dir/build.make CMakeFiles/cmTC_efc8f.dir/build
make[1]: Entering directory '/mnt/hgfs/sh/3588f_218/218projects/hiat-tracking-baseboard/src/getimg/build/CMakeFiles/CMakeTmp'
Building CXX object CMakeFiles/cmTC_efc8f.dir/testCXXCompiler.cxx.o
/home/tronlong/RK3588/rk3588-buildroot-2021.11-sdk-v1.1/buildroot/output/rockchip_rk3588/host/bin/aarch64-buildroot-linux-gnu-g++ --sysroot=/home/tronlong/RK3588/rk3588-buildroot-2021.11-sdk-v1.1/buildroot/output/rockchip_rk3588/host/aarch64-buildroot-linux-gnu/sysroot    -D_LARGEFILE_SOURCE -D_LARGEFILE64_SOURCE -D_FILE_OFFSET_BITS=64 -Os -g0 -D_FORTIFY_SOURCE=1   -DNDEBUG   -o CMakeFiles/cmTC_efc8f.dir/testCXXCompiler.cxx.o -c /mnt/hgfs/sh/3588f_218/218projects/hiat-tracking-baseboard/src/getimg/build/CMakeFiles/CMakeTmp/testCXXCompiler.cxx
Linking CXX executable cmTC_efc8f
/usr/bin/cmake -E cmake_link_script CMakeFiles/cmTC_efc8f.dir/link.txt --verbose=1
/home/tronlong/RK3588/rk3588-buildroot-2021.11-sdk-v1.1/buildroot/output/rockchip_rk3588/host/bin/aarch64-buildroot-linux-gnu-g++ --sysroot=/home/tronlong/RK3588/rk3588-buildroot-2021.11-sdk-v1.1/buildroot/output/rockchip_rk3588/host/aarch64-buildroot-linux-gnu/sysroot  -D_LARGEFILE_SOURCE -D_LARGEFILE64_SOURCE -D_FILE_OFFSET_BITS=64 -Os -g0 -D_FORTIFY_SOURCE=1   -DNDEBUG    CMakeFiles/cmTC_efc8f.dir/testCXXCompiler.cxx.o  -o cmTC_efc8f 
make[1]: Leaving directory '/mnt/hgfs/sh/3588f_218/218projects/hiat-tracking-baseboard/src/getimg/build/CMakeFiles/CMakeTmp'



Detecting CXX compiler ABI info compiled with the following output:
Change Dir: /mnt/hgfs/sh/3588f_218/218projects/hiat-tracking-baseboard/src/getimg/build/CMakeFiles/CMakeTmp

Run Build Command(s):/usr/bin/make cmTC_d69f9/fast && /usr/bin/make -f CMakeFiles/cmTC_d69f9.dir/build.make CMakeFiles/cmTC_d69f9.dir/build
make[1]: Entering directory '/mnt/hgfs/sh/3588f_218/218projects/hiat-tracking-baseboard/src/getimg/build/CMakeFiles/CMakeTmp'
Building CXX object CMakeFiles/cmTC_d69f9.dir/CMakeCXXCompilerABI.cpp.o
/home/tronlong/RK3588/rk3588-buildroot-2021.11-sdk-v1.1/buildroot/output/rockchip_rk3588/host/bin/aarch64-buildroot-linux-gnu-g++ --sysroot=/home/tronlong/RK3588/rk3588-buildroot-2021.11-sdk-v1.1/buildroot/output/rockchip_rk3588/host/aarch64-buildroot-linux-gnu/sysroot    -D_LARGEFILE_SOURCE -D_LARGEFILE64_SOURCE -D_FILE_OFFSET_BITS=64 -Os -g0 -D_FORTIFY_SOURCE=1   -DNDEBUG   -v -o CMakeFiles/cmTC_d69f9.dir/CMakeCXXCompilerABI.cpp.o -c /usr/share/cmake-3.16/Modules/CMakeCXXCompilerABI.cpp
Using built-in specs.
COLLECT_GCC=/home/tronlong/RK3588/rk3588-buildroot-2021.11-sdk-v1.1/buildroot/output/rockchip_rk3588/host/bin/aarch64-buildroot-linux-gnu-g++.br_real
Target: aarch64-buildroot-linux-gnu
Configured with: ./configure --prefix=/home/tronlong/RK3588/rk3588-buildroot-2021.11-sdk-v1.1/buildroot/output/rockchip_rk3588/host --sysconfdir=/home/tronlong/RK3588/rk3588-buildroot-2021.11-sdk-v1.1/buildroot/output/rockchip_rk3588/host/etc --enable-static --target=aarch64-buildroot-linux-gnu --with-sysroot=/home/tronlong/RK3588/rk3588-buildroot-2021.11-sdk-v1.1/buildroot/output/rockchip_rk3588/host/aarch64-buildroot-linux-gnu/sysroot --enable-__cxa_atexit --with-gnu-ld --disable-libssp --disable-multilib --disable-decimal-float --enable-plugins --enable-lto --with-gmp=/home/tronlong/RK3588/rk3588-buildroot-2021.11-sdk-v1.1/buildroot/output/rockchip_rk3588/host --with-mpc=/home/tronlong/RK3588/rk3588-buildroot-2021.11-sdk-v1.1/buildroot/output/rockchip_rk3588/host --with-mpfr=/home/tronlong/RK3588/rk3588-buildroot-2021.11-sdk-v1.1/buildroot/output/rockchip_rk3588/host --with-pkgversion='Buildroot 2021.11 Wed Jan  8 19:01:50 CST 2025' --with-bugurl=http://bugs.buildroot.net/ --without-zstd --disable-libquadmath --disable-libquadmath-support --enable-tls --enable-threads --without-isl --without-cloog --with-abi=lp64 --with-cpu=cortex-a76.cortex-a55 --enable-languages=c,c++ --with-build-time-tools=/home/tronlong/RK3588/rk3588-buildroot-2021.11-sdk-v1.1/buildroot/output/rockchip_rk3588/host/aarch64-buildroot-linux-gnu/bin --enable-shared --disable-libgomp
Thread model: posix
Supported LTO compression algorithms: zlib
gcc version 11.3.0 (Buildroot 2021.11 Wed Jan  8 19:01:50 CST 2025) 
COLLECT_GCC_OPTIONS='-fstack-protector-strong' '-fPIE' '-Os' '-g0' '-v' '-pie' '-D' '_LARGEFILE_SOURCE' '-D' '_LARGEFILE64_SOURCE' '-D' '_FILE_OFFSET_BITS=64' '-D' '_FORTIFY_SOURCE=1' '-D' 'NDEBUG' '-c' '-o' 'CMakeFiles/cmTC_c6144.dir/CMakeCXXCompilerABI.cpp.o' '-shared-libgcc' '-mcpu=cortex-a76.cortex-a55' '-mlittle-endian' '-mabi=lp64' '-dumpdir' 'CMakeFiles/cmTC_c6144.dir/'
 /home/tronlong/RK3588/rk3588-buildroot-2021.11-sdk-v1.1/buildroot/output/rockchip_rk3588/host/libexec/gcc/aarch64-buildroot-linux-gnu/11.3.0/cc1plus -quiet -v -isysroot ../../../../../../../../../../../home/tronlong/RK3588/rk3588-buildroot-2021.11-sdk-v1.1/buildroot/output/rockchip_rk3588/host/aarch64-buildroot-linux-gnu/sysroot -D_GNU_SOURCE -D _LARGEFILE_SOURCE -D _LARGEFILE64_SOURCE -D _FILE_OFFSET_BITS=64 -D _FORTIFY_SOURCE=1 -D NDEBUG /usr/share/cmake-3.16/Modules/CMakeCXXCompilerABI.cpp -quiet -dumpdir CMakeFiles/cmTC_c6144.dir/ -dumpbase CMakeCXXCompilerABI.cpp.cpp -dumpbase-ext .cpp -mcpu=cortex-a76.cortex-a55 -mlittle-endian -mabi=lp64 -g0 -Os -version -fstack-protector-strong -fPIE -o /tmp/ccaCKJkR.s
GNU C++17 (Buildroot 2021.11 Wed Jan  8 19:01:50 CST 2025) version 11.3.0 (aarch64-buildroot-linux-gnu)
	compiled by GNU C version 9.4.0, GMP version 6.2.1, MPFR version 4.1.0, MPC version 1.2.1, isl version none
GGC heuristics: --param ggc-min-expand=100 --param ggc-min-heapsize=131072
ignoring nonexistent directory "../../../../../../../../../../../home/tronlong/RK3588/rk3588-buildroot-2021.11-sdk-v1.1/buildroot/output/rockchip_rk3588/host/aarch64-buildroot-linux-gnu/sysroot/usr/local/include"
#include "..." search starts here:
#include <...> search starts here:
 /home/tronlong/RK3588/rk3588-buildroot-2021.11-sdk-v1.1/buildroot/output/rockchip_rk3588/host/lib/gcc/aarch64-buildroot-linux-gnu/11.3.0/../../../../aarch64-buildroot-linux-gnu/include/c++/11.3.0
 /home/tronlong/RK3588/rk3588-buildroot-2021.11-sdk-v1.1/buildroot/output/rockchip_rk3588/host/lib/gcc/aarch64-buildroot-linux-gnu/11.3.0/../../../../aarch64-buildroot-linux-gnu/include/c++/11.3.0/aarch64-buildroot-linux-gnu
 /home/tronlong/RK3588/rk3588-buildroot-2021.11-sdk-v1.1/buildroot/output/rockchip_rk3588/host/lib/gcc/aarch64-buildroot-linux-gnu/11.3.0/../../../../aarch64-buildroot-linux-gnu/include/c++/11.3.0/backward
 /home/tronlong/RK3588/rk3588-buildroot-2021.11-sdk-v1.1/buildroot/output/rockchip_rk3588/host/lib/gcc/aarch64-buildroot-linux-gnu/11.3.0/include
 /home/tronlong/RK3588/rk3588-buildroot-2021.11-sdk-v1.1/buildroot/output/rockchip_rk3588/host/lib/gcc/aarch64-buildroot-linux-gnu/11.3.0/include-fixed
 /home/tronlong/RK3588/rk3588-buildroot-2021.11-sdk-v1.1/buildroot/output/rockchip_rk3588/host/lib/gcc/aarch64-buildroot-linux-gnu/11.3.0/../../../../aarch64-buildroot-linux-gnu/include
 ../../../../../../../../../../../home/tronlong/RK3588/rk3588-buildroot-2021.11-sdk-v1.1/buildroot/output/rockchip_rk3588/host/aarch64-buildroot-linux-gnu/sysroot/usr/include
End of search list.
GNU C++17 (Buildroot 2021.11 Wed Jan  8 19:01:50 CST 2025) version 11.3.0 (aarch64-buildroot-linux-gnu)
	compiled by GNU C version 9.4.0, GMP version 6.2.1, MPFR version 4.1.0, MPC version 1.2.1, isl version none
GGC heuristics: --param ggc-min-expand=100 --param ggc-min-heapsize=131072
Compiler executable checksum: 11b2efb25d76a483b8d3838524479353
COLLECT_GCC_OPTIONS='-fstack-protector-strong' '-fPIE' '-Os' '-g0' '-v' '-pie' '-D' '_LARGEFILE_SOURCE' '-D' '_LARGEFILE64_SOURCE' '-D' '_FILE_OFFSET_BITS=64' '-D' '_FORTIFY_SOURCE=1' '-D' 'NDEBUG' '-c' '-o' 'CMakeFiles/cmTC_c6144.dir/CMakeCXXCompilerABI.cpp.o' '-shared-libgcc' '-mcpu=cortex-a76.cortex-a55' '-mlittle-endian' '-mabi=lp64' '-dumpdir' 'CMakeFiles/cmTC_c6144.dir/'
 /home/tronlong/RK3588/rk3588-buildroot-2021.11-sdk-v1.1/buildroot/output/rockchip_rk3588/host/lib/gcc/aarch64-buildroot-linux-gnu/11.3.0/../../../../aarch64-buildroot-linux-gnu/bin/as -v -EL -march=armv8.2-a+fp16+rcpc+dotprod -mabi=lp64 -o CMakeFiles/cmTC_c6144.dir/CMakeCXXCompilerABI.cpp.o /tmp/ccaCKJkR.s
GNU assembler version 2.38 (aarch64-buildroot-linux-gnu) using BFD version (GNU Binutils) 2.38
COMPILER_PATH=/home/tronlong/RK3588/rk3588-buildroot-2021.11-sdk-v1.1/buildroot/output/rockchip_rk3588/host/libexec/gcc/aarch64-buildroot-linux-gnu/11.3.0/:/home/tronlong/RK3588/rk3588-buildroot-2021.11-sdk-v1.1/buildroot/output/rockchip_rk3588/host/libexec/gcc/aarch64-buildroot-linux-gnu/11.3.0/:/home/tronlong/RK3588/rk3588-buildroot-2021.11-sdk-v1.1/buildroot/output/rockchip_rk3588/host/libexec/gcc/aarch64-buildroot-linux-gnu/:/home/tronlong/RK3588/rk3588-buildroot-2021.11-sdk-v1.1/buildroot/output/rockchip_rk3588/host/lib/gcc/aarch64-buildroot-linux-gnu/11.3.0/:/home/tronlong/RK3588/rk3588-buildroot-2021.11-sdk-v1.1/buildroot/output/rockchip_rk3588/host/lib/gcc/aarch64-buildroot-linux-gnu/:/home/tronlong/RK3588/rk3588-buildroot-2021.11-sdk-v1.1/buildroot/output/rockchip_rk3588/host/lib/gcc/aarch64-buildroot-linux-gnu/11.3.0/../../../../aarch64-buildroot-linux-gnu/bin/
LIBRARY_PATH=/home/tronlong/RK3588/rk3588-buildroot-2021.11-sdk-v1.1/buildroot/output/rockchip_rk3588/host/lib/gcc/aarch64-buildroot-linux-gnu/11.3.0/:/home/tronlong/RK3588/rk3588-buildroot-2021.11-sdk-v1.1/buildroot/output/rockchip_rk3588/host/lib/gcc/aarch64-buildroot-linux-gnu/11.3.0/../../../../aarch64-buildroot-linux-gnu/lib/../lib64/:../../../../../../../../../../../home/tronlong/RK3588/rk3588-buildroot-2021.11-sdk-v1.1/buildroot/output/rockchip_rk3588/host/aarch64-buildroot-linux-gnu/sysroot/lib/../lib64/:../../../../../../../../../../../home/tronlong/RK3588/rk3588-buildroot-2021.11-sdk-v1.1/buildroot/output/rockchip_rk3588/host/aarch64-buildroot-linux-gnu/sysroot/usr/lib/../lib64/:/home/tronlong/RK3588/rk3588-buildroot-2021.11-sdk-v1.1/buildroot/output/rockchip_rk3588/host/lib/gcc/aarch64-buildroot-linux-gnu/11.3.0/../../../../aarch64-buildroot-linux-gnu/lib/:../../../../../../../../../../../home/tronlong/RK3588/rk3588-buildroot-2021.11-sdk-v1.1/buildroot/output/rockchip_rk3588/host/aarch64-buildroot-linux-gnu/sysroot/lib/:../../../../../../../../../../../home/tronlong/RK3588/rk3588-buildroot-2021.11-sdk-v1.1/buildroot/output/rockchip_rk3588/host/aarch64-buildroot-linux-gnu/sysroot/usr/lib/
COLLECT_GCC_OPTIONS='-fstack-protector-strong' '-fPIE' '-Os' '-g0' '-v' '-pie' '-D' '_LARGEFILE_SOURCE' '-D' '_LARGEFILE64_SOURCE' '-D' '_FILE_OFFSET_BITS=64' '-D' '_FORTIFY_SOURCE=1' '-D' 'NDEBUG' '-c' '-o' 'CMakeFiles/cmTC_c6144.dir/CMakeCXXCompilerABI.cpp.o' '-shared-libgcc' '-mcpu=cortex-a76.cortex-a55' '-mlittle-endian' '-mabi=lp64' '-dumpdir' 'CMakeFiles/cmTC_c6144.dir/CMakeCXXCompilerABI.cpp.'
Linking CXX executable cmTC_d69f9
/usr/bin/cmake -E cmake_link_script CMakeFiles/cmTC_d69f9.dir/link.txt --verbose=1
/home/tronlong/RK3588/rk3588-buildroot-2021.11-sdk-v1.1/buildroot/output/rockchip_rk3588/host/bin/aarch64-buildroot-linux-gnu-g++ --sysroot=/home/tronlong/RK3588/rk3588-buildroot-2021.11-sdk-v1.1/buildroot/output/rockchip_rk3588/host/aarch64-buildroot-linux-gnu/sysroot  -D_LARGEFILE_SOURCE -D_LARGEFILE64_SOURCE -D_FILE_OFFSET_BITS=64 -Os -g0 -D_FORTIFY_SOURCE=1   -DNDEBUG   -v CMakeFiles/cmTC_d69f9.dir/CMakeCXXCompilerABI.cpp.o  -o cmTC_d69f9 
Using built-in specs.
COLLECT_GCC=/home/tronlong/RK3588/rk3588-buildroot-2021.11-sdk-v1.1/buildroot/output/rockchip_rk3588/host/bin/aarch64-buildroot-linux-gnu-g++.br_real
COLLECT_LTO_WRAPPER=/home/tronlong/RK3588/rk3588-buildroot-2021.11-sdk-v1.1/buildroot/output/rockchip_rk3588/host/libexec/gcc/aarch64-buildroot-linux-gnu/11.3.0/lto-wrapper
Target: aarch64-buildroot-linux-gnu
Configured with: ./configure --prefix=/home/tronlong/RK3588/rk3588-buildroot-2021.11-sdk-v1.1/buildroot/output/rockchip_rk3588/host --sysconfdir=/home/tronlong/RK3588/rk3588-buildroot-2021.11-sdk-v1.1/buildroot/output/rockchip_rk3588/host/etc --enable-static --target=aarch64-buildroot-linux-gnu --with-sysroot=/home/tronlong/RK3588/rk3588-buildroot-2021.11-sdk-v1.1/buildroot/output/rockchip_rk3588/host/aarch64-buildroot-linux-gnu/sysroot --enable-__cxa_atexit --with-gnu-ld --disable-libssp --disable-multilib --disable-decimal-float --enable-plugins --enable-lto --with-gmp=/home/tronlong/RK3588/rk3588-buildroot-2021.11-sdk-v1.1/buildroot/output/rockchip_rk3588/host --with-mpc=/home/tronlong/RK3588/rk3588-buildroot-2021.11-sdk-v1.1/buildroot/output/rockchip_rk3588/host --with-mpfr=/home/tronlong/RK3588/rk3588-buildroot-2021.11-sdk-v1.1/buildroot/output/rockchip_rk3588/host --with-pkgversion='Buildroot 2021.11 Wed Jan  8 19:01:50 CST 2025' --with-bugurl=http://bugs.buildroot.net/ --without-zstd --disable-libquadmath --disable-libquadmath-support --enable-tls --enable-threads --without-isl --without-cloog --with-abi=lp64 --with-cpu=cortex-a76.cortex-a55 --enable-languages=c,c++ --with-build-time-tools=/home/tronlong/RK3588/rk3588-buildroot-2021.11-sdk-v1.1/buildroot/output/rockchip_rk3588/host/aarch64-buildroot-linux-gnu/bin --enable-shared --disable-libgomp
Thread model: posix
Supported LTO compression algorithms: zlib
gcc version 11.3.0 (Buildroot 2021.11 Wed Jan  8 19:01:50 CST 2025) 
COMPILER_PATH=/home/tronlong/RK3588/rk3588-buildroot-2021.11-sdk-v1.1/buildroot/output/rockchip_rk3588/host/libexec/gcc/aarch64-buildroot-linux-gnu/11.3.0/:/home/tronlong/RK3588/rk3588-buildroot-2021.11-sdk-v1.1/buildroot/output/rockchip_rk3588/host/libexec/gcc/aarch64-buildroot-linux-gnu/11.3.0/:/home/tronlong/RK3588/rk3588-buildroot-2021.11-sdk-v1.1/buildroot/output/rockchip_rk3588/host/libexec/gcc/aarch64-buildroot-linux-gnu/:/home/tronlong/RK3588/rk3588-buildroot-2021.11-sdk-v1.1/buildroot/output/rockchip_rk3588/host/lib/gcc/aarch64-buildroot-linux-gnu/11.3.0/:/home/tronlong/RK3588/rk3588-buildroot-2021.11-sdk-v1.1/buildroot/output/rockchip_rk3588/host/lib/gcc/aarch64-buildroot-linux-gnu/:/home/tronlong/RK3588/rk3588-buildroot-2021.11-sdk-v1.1/buildroot/output/rockchip_rk3588/host/lib/gcc/aarch64-buildroot-linux-gnu/11.3.0/../../../../aarch64-buildroot-linux-gnu/bin/
LIBRARY_PATH=/home/tronlong/RK3588/rk3588-buildroot-2021.11-sdk-v1.1/buildroot/output/rockchip_rk3588/host/lib/gcc/aarch64-buildroot-linux-gnu/11.3.0/:/home/tronlong/RK3588/rk3588-buildroot-2021.11-sdk-v1.1/buildroot/output/rockchip_rk3588/host/lib/gcc/aarch64-buildroot-linux-gnu/11.3.0/../../../../aarch64-buildroot-linux-gnu/lib/../lib64/:/home/tronlong/RK3588/rk3588-buildroot-2021.11-sdk-v1.1/buildroot/output/rockchip_rk3588/host/aarch64-buildroot-linux-gnu/sysroot/lib/../lib64/:/home/tronlong/RK3588/rk3588-buildroot-2021.11-sdk-v1.1/buildroot/output/rockchip_rk3588/host/aarch64-buildroot-linux-gnu/sysroot/usr/lib/../lib64/:/home/tronlong/RK3588/rk3588-buildroot-2021.11-sdk-v1.1/buildroot/output/rockchip_rk3588/host/lib/gcc/aarch64-buildroot-linux-gnu/11.3.0/../../../../aarch64-buildroot-linux-gnu/lib/:/home/tronlong/RK3588/rk3588-buildroot-2021.11-sdk-v1.1/buildroot/output/rockchip_rk3588/host/aarch64-buildroot-linux-gnu/sysroot/lib/:/home/tronlong/RK3588/rk3588-buildroot-2021.11-sdk-v1.1/buildroot/output/rockchip_rk3588/host/aarch64-buildroot-linux-gnu/sysroot/usr/lib/
COLLECT_GCC_OPTIONS='-fstack-protector-strong' '-fPIE' '-pie' '-D' '_LARGEFILE_SOURCE' '-D' '_LARGEFILE64_SOURCE' '-D' '_FILE_OFFSET_BITS=64' '-Os' '-g0' '-D' '_FORTIFY_SOURCE=1' '-D' 'NDEBUG' '-v' '-o' 'cmTC_d69f9' '-shared-libgcc' '-mcpu=cortex-a76.cortex-a55' '-mlittle-endian' '-mabi=lp64' '-dumpdir' 'cmTC_d69f9.'
 /home/tronlong/RK3588/rk3588-buildroot-2021.11-sdk-v1.1/buildroot/output/rockchip_rk3588/host/libexec/gcc/aarch64-buildroot-linux-gnu/11.3.0/collect2 -plugin /home/tronlong/RK3588/rk3588-buildroot-2021.11-sdk-v1.1/buildroot/output/rockchip_rk3588/host/libexec/gcc/aarch64-buildroot-linux-gnu/11.3.0/liblto_plugin.so -plugin-opt=/home/tronlong/RK3588/rk3588-buildroot-2021.11-sdk-v1.1/buildroot/output/rockchip_rk3588/host/libexec/gcc/aarch64-buildroot-linux-gnu/11.3.0/lto-wrapper -plugin-opt=-fresolution=/tmp/ccHl0A4i.res -plugin-opt=-pass-through=-lgcc_s -plugin-opt=-pass-through=-lgcc -plugin-opt=-pass-through=-lc -plugin-opt=-pass-through=-lgcc_s -plugin-opt=-pass-through=-lgcc --sysroot=/home/tronlong/RK3588/rk3588-buildroot-2021.11-sdk-v1.1/buildroot/output/rockchip_rk3588/host/aarch64-buildroot-linux-gnu/sysroot --eh-frame-hdr -dynamic-linker /lib/ld-linux-aarch64.so.1 -X -EL -maarch64linux -pie -o cmTC_d69f9 /home/tronlong/RK3588/rk3588-buildroot-2021.11-sdk-v1.1/buildroot/output/rockchip_rk3588/host/aarch64-buildroot-linux-gnu/sysroot/lib/../lib64/Scrt1.o /home/tronlong/RK3588/rk3588-buildroot-2021.11-sdk-v1.1/buildroot/output/rockchip_rk3588/host/aarch64-buildroot-linux-gnu/sysroot/lib/../lib64/crti.o /home/tronlong/RK3588/rk3588-buildroot-2021.11-sdk-v1.1/buildroot/output/rockchip_rk3588/host/lib/gcc/aarch64-buildroot-linux-gnu/11.3.0/crtbeginS.o -L/home/tronlong/RK3588/rk3588-buildroot-2021.11-sdk-v1.1/buildroot/output/rockchip_rk3588/host/lib/gcc/aarch64-buildroot-linux-gnu/11.3.0 -L/home/tronlong/RK3588/rk3588-buildroot-2021.11-sdk-v1.1/buildroot/output/rockchip_rk3588/host/lib/gcc/aarch64-buildroot-linux-gnu/11.3.0/../../../../aarch64-buildroot-linux-gnu/lib/../lib64 -L/home/tronlong/RK3588/rk3588-buildroot-2021.11-sdk-v1.1/buildroot/output/rockchip_rk3588/host/aarch64-buildroot-linux-gnu/sysroot/lib/../lib64 -L/home/tronlong/RK3588/rk3588-buildroot-2021.11-sdk-v1.1/buildroot/output/rockchip_rk3588/host/aarch64-buildroot-linux-gnu/sysroot/usr/lib/../lib64 -L/home/tronlong/RK3588/rk3588-buildroot-2021.11-sdk-v1.1/buildroot/output/rockchip_rk3588/host/lib/gcc/aarch64-buildroot-linux-gnu/11.3.0/../../../../aarch64-buildroot-linux-gnu/lib -L/home/tronlong/RK3588/rk3588-buildroot-2021.11-sdk-v1.1/buildroot/output/rockchip_rk3588/host/aarch64-buildroot-linux-gnu/sysroot/lib -L/home/tronlong/RK3588/rk3588-buildroot-2021.11-sdk-v1.1/buildroot/output/rockchip_rk3588/host/aarch64-buildroot-linux-gnu/sysroot/usr/lib -z now -z relro CMakeFiles/cmTC_d69f9.dir/CMakeCXXCompilerABI.cpp.o -lstdc++ -lm -lgcc_s -lgcc -lc -lgcc_s -lgcc /home/tronlong/RK3588/rk3588-buildroot-2021.11-sdk-v1.1/buildroot/output/rockchip_rk3588/host/lib/gcc/aarch64-buildroot-linux-gnu/11.3.0/crtendS.o /home/tronlong/RK3588/rk3588-buildroot-2021.11-sdk-v1.1/buildroot/output/rockchip_rk3588/host/aarch64-buildroot-linux-gnu/sysroot/lib/../lib64/crtn.o
COLLECT_GCC_OPTIONS='-fstack-protector-strong' '-fPIE' '-pie' '-D' '_LARGEFILE_SOURCE' '-D' '_LARGEFILE64_SOURCE' '-D' '_FILE_OFFSET_BITS=64' '-Os' '-g0' '-D' '_FORTIFY_SOURCE=1' '-D' 'NDEBUG' '-v' '-o' 'cmTC_d69f9' '-shared-libgcc' '-mcpu=cortex-a76.cortex-a55' '-mlittle-endian' '-mabi=lp64' '-dumpdir' 'cmTC_d69f9.'
make[1]: Leaving directory '/mnt/hgfs/sh/3588f_218/218projects/hiat-tracking-baseboard/src/getimg/build/CMakeFiles/CMakeTmp'



Parsed CXX implicit include dir info from above output: rv=done
  found start of include info
  found start of implicit include info
    add: [/home/tronlong/RK3588/rk3588-buildroot-2021.11-sdk-v1.1/buildroot/output/rockchip_rk3588/host/lib/gcc/aarch64-buildroot-linux-gnu/11.3.0/../../../../aarch64-buildroot-linux-gnu/include/c++/11.3.0]
    add: [/home/tronlong/RK3588/rk3588-buildroot-2021.11-sdk-v1.1/buildroot/output/rockchip_rk3588/host/lib/gcc/aarch64-buildroot-linux-gnu/11.3.0/../../../../aarch64-buildroot-linux-gnu/include/c++/11.3.0/aarch64-buildroot-linux-gnu]
    add: [/home/tronlong/RK3588/rk3588-buildroot-2021.11-sdk-v1.1/buildroot/output/rockchip_rk3588/host/lib/gcc/aarch64-buildroot-linux-gnu/11.3.0/../../../../aarch64-buildroot-linux-gnu/include/c++/11.3.0/backward]
    add: [/home/tronlong/RK3588/rk3588-buildroot-2021.11-sdk-v1.1/buildroot/output/rockchip_rk3588/host/lib/gcc/aarch64-buildroot-linux-gnu/11.3.0/include]
    add: [/home/tronlong/RK3588/rk3588-buildroot-2021.11-sdk-v1.1/buildroot/output/rockchip_rk3588/host/lib/gcc/aarch64-buildroot-linux-gnu/11.3.0/include-fixed]
    add: [/home/tronlong/RK3588/rk3588-buildroot-2021.11-sdk-v1.1/buildroot/output/rockchip_rk3588/host/lib/gcc/aarch64-buildroot-linux-gnu/11.3.0/../../../../aarch64-buildroot-linux-gnu/include]
    add: [../../../../../../../../../../../home/tronlong/RK3588/rk3588-buildroot-2021.11-sdk-v1.1/buildroot/output/rockchip_rk3588/host/aarch64-buildroot-linux-gnu/sysroot/usr/include]
  end of search list found
  collapse include dir [/home/tronlong/RK3588/rk3588-buildroot-2021.11-sdk-v1.1/buildroot/output/rockchip_rk3588/host/lib/gcc/aarch64-buildroot-linux-gnu/11.3.0/../../../../aarch64-buildroot-linux-gnu/include/c++/11.3.0] ==> [/home/tronlong/RK3588/rk3588-buildroot-2021.11-sdk-v1.1/buildroot/output/rockchip_rk3588/host/aarch64-buildroot-linux-gnu/include/c++/11.3.0]
  collapse include dir [/home/tronlong/RK3588/rk3588-buildroot-2021.11-sdk-v1.1/buildroot/output/rockchip_rk3588/host/lib/gcc/aarch64-buildroot-linux-gnu/11.3.0/../../../../aarch64-buildroot-linux-gnu/include/c++/11.3.0/aarch64-buildroot-linux-gnu] ==> [/home/tronlong/RK3588/rk3588-buildroot-2021.11-sdk-v1.1/buildroot/output/rockchip_rk3588/host/aarch64-buildroot-linux-gnu/include/c++/11.3.0/aarch64-buildroot-linux-gnu]
  collapse include dir [/home/tronlong/RK3588/rk3588-buildroot-2021.11-sdk-v1.1/buildroot/output/rockchip_rk3588/host/lib/gcc/aarch64-buildroot-linux-gnu/11.3.0/../../../../aarch64-buildroot-linux-gnu/include/c++/11.3.0/backward] ==> [/home/tronlong/RK3588/rk3588-buildroot-2021.11-sdk-v1.1/buildroot/output/rockchip_rk3588/host/aarch64-buildroot-linux-gnu/include/c++/11.3.0/backward]
  collapse include dir [/home/tronlong/RK3588/rk3588-buildroot-2021.11-sdk-v1.1/buildroot/output/rockchip_rk3588/host/lib/gcc/aarch64-buildroot-linux-gnu/11.3.0/include] ==> [/home/tronlong/RK3588/rk3588-buildroot-2021.11-sdk-v1.1/buildroot/output/rockchip_rk3588/host/lib/gcc/aarch64-buildroot-linux-gnu/11.3.0/include]
  collapse include dir [/home/tronlong/RK3588/rk3588-buildroot-2021.11-sdk-v1.1/buildroot/output/rockchip_rk3588/host/lib/gcc/aarch64-buildroot-linux-gnu/11.3.0/include-fixed] ==> [/home/tronlong/RK3588/rk3588-buildroot-2021.11-sdk-v1.1/buildroot/output/rockchip_rk3588/host/lib/gcc/aarch64-buildroot-linux-gnu/11.3.0/include-fixed]
  collapse include dir [/home/tronlong/RK3588/rk3588-buildroot-2021.11-sdk-v1.1/buildroot/output/rockchip_rk3588/host/lib/gcc/aarch64-buildroot-linux-gnu/11.3.0/../../../../aarch64-buildroot-linux-gnu/include] ==> [/home/tronlong/RK3588/rk3588-buildroot-2021.11-sdk-v1.1/buildroot/output/rockchip_rk3588/host/aarch64-buildroot-linux-gnu/include]
  collapse relative include dir [../../../../../../../../../../../home/tronlong/RK3588/rk3588-buildroot-2021.11-sdk-v1.1/buildroot/output/rockchip_rk3588/host/aarch64-buildroot-linux-gnu/sysroot/usr/include] ==> [/home/tronlong/RK3588/rk3588-buildroot-2021.11-sdk-v1.1/buildroot/output/rockchip_rk3588/host/aarch64-buildroot-linux-gnu/sysroot/usr/include]
  implicit include dirs: [/home/tronlong/RK3588/rk3588-buildroot-2021.11-sdk-v1.1/buildroot/output/rockchip_rk3588/host/aarch64-buildroot-linux-gnu/include/c++/11.3.0;/home/tronlong/RK3588/rk3588-buildroot-2021.11-sdk-v1.1/buildroot/output/rockchip_rk3588/host/aarch64-buildroot-linux-gnu/include/c++/11.3.0/aarch64-buildroot-linux-gnu;/home/tronlong/RK3588/rk3588-buildroot-2021.11-sdk-v1.1/buildroot/output/rockchip_rk3588/host/aarch64-buildroot-linux-gnu/include/c++/11.3.0/backward;/home/tronlong/RK3588/rk3588-buildroot-2021.11-sdk-v1.1/buildroot/output/rockchip_rk3588/host/lib/gcc/aarch64-buildroot-linux-gnu/11.3.0/include;/home/tronlong/RK3588/rk3588-buildroot-2021.11-sdk-v1.1/buildroot/output/rockchip_rk3588/host/lib/gcc/aarch64-buildroot-linux-gnu/11.3.0/include-fixed;/home/tronlong/RK3588/rk3588-buildroot-2021.11-sdk-v1.1/buildroot/output/rockchip_rk3588/host/aarch64-buildroot-linux-gnu/include;/home/tronlong/RK3588/rk3588-buildroot-2021.11-sdk-v1.1/buildroot/output/rockchip_rk3588/host/aarch64-buildroot-linux-gnu/sysroot/usr/include]


Parsed CXX implicit link information from above output:
  link line regex: [^( *|.*[/\])(aarch64-buildroot-linux-gnu-ld|CMAKE_LINK_STARTFILE-NOTFOUND|([^/\]+-)?ld|collect2)[^/\]*( |$)]
  ignore line: [Change Dir: /mnt/hgfs/sh/3588f_218/218projects/hiat-tracking-baseboard/src/getimg/build/CMakeFiles/CMakeTmp]
  ignore line: []
  ignore line: [Run Build Command(s):/usr/bin/make cmTC_d69f9/fast && /usr/bin/make -f CMakeFiles/cmTC_d69f9.dir/build.make CMakeFiles/cmTC_d69f9.dir/build]
  ignore line: [make[1]: Entering directory '/mnt/hgfs/sh/3588f_218/218projects/hiat-tracking-baseboard/src/getimg/build/CMakeFiles/CMakeTmp']
  ignore line: [Building CXX object CMakeFiles/cmTC_d69f9.dir/CMakeCXXCompilerABI.cpp.o]
  ignore line: [/home/tronlong/RK3588/rk3588-buildroot-2021.11-sdk-v1.1/buildroot/output/rockchip_rk3588/host/bin/aarch64-buildroot-linux-gnu-g++ --sysroot=/home/tronlong/RK3588/rk3588-buildroot-2021.11-sdk-v1.1/buildroot/output/rockchip_rk3588/host/aarch64-buildroot-linux-gnu/sysroot    -D_LARGEFILE_SOURCE -D_LARGEFILE64_SOURCE -D_FILE_OFFSET_BITS=64 -Os -g0 -D_FORTIFY_SOURCE=1   -DNDEBUG   -v -o CMakeFiles/cmTC_d69f9.dir/CMakeCXXCompilerABI.cpp.o -c /usr/share/cmake-3.16/Modules/CMakeCXXCompilerABI.cpp]
  ignore line: [Using built-in specs.]
  ignore line: [COLLECT_GCC=/home/tronlong/RK3588/rk3588-buildroot-2021.11-sdk-v1.1/buildroot/output/rockchip_rk3588/host/bin/aarch64-buildroot-linux-gnu-g++.br_real]
  ignore line: [Target: aarch64-buildroot-linux-gnu]
  ignore line: [Configured with: ./configure --prefix=/home/tronlong/RK3588/rk3588-buildroot-2021.11-sdk-v1.1/buildroot/output/rockchip_rk3588/host --sysconfdir=/home/tronlong/RK3588/rk3588-buildroot-2021.11-sdk-v1.1/buildroot/output/rockchip_rk3588/host/etc --enable-static --target=aarch64-buildroot-linux-gnu --with-sysroot=/home/tronlong/RK3588/rk3588-buildroot-2021.11-sdk-v1.1/buildroot/output/rockchip_rk3588/host/aarch64-buildroot-linux-gnu/sysroot --enable-__cxa_atexit --with-gnu-ld --disable-libssp --disable-multilib --disable-decimal-float --enable-plugins --enable-lto --with-gmp=/home/tronlong/RK3588/rk3588-buildroot-2021.11-sdk-v1.1/buildroot/output/rockchip_rk3588/host --with-mpc=/home/tronlong/RK3588/rk3588-buildroot-2021.11-sdk-v1.1/buildroot/output/rockchip_rk3588/host --with-mpfr=/home/tronlong/RK3588/rk3588-buildroot-2021.11-sdk-v1.1/buildroot/output/rockchip_rk3588/host --with-pkgversion='Buildroot 2021.11 Wed Jan  8 19:01:50 CST 2025' --with-bugurl=http://bugs.buildroot.net/ --without-zstd --disable-libquadmath --disable-libquadmath-support --enable-tls --enable-threads --without-isl --without-cloog --with-abi=lp64 --with-cpu=cortex-a76.cortex-a55 --enable-languages=c,c++ --with-build-time-tools=/home/tronlong/RK3588/rk3588-buildroot-2021.11-sdk-v1.1/buildroot/output/rockchip_rk3588/host/aarch64-buildroot-linux-gnu/bin --enable-shared --disable-libgomp]
  ignore line: [Thread model: posix]
  ignore line: [Supported LTO compression algorithms: zlib]
  ignore line: [gcc version 11.3.0 (Buildroot 2021.11 Wed Jan  8 19:01:50 CST 2025) ]
  ignore line: [COLLECT_GCC_OPTIONS='-fstack-protector-strong' '-fPIE' '-Os' '-g0' '-v' '-pie' '-D' '_LARGEFILE_SOURCE' '-D' '_LARGEFILE64_SOURCE' '-D' '_FILE_OFFSET_BITS=64' '-D' '_FORTIFY_SOURCE=1' '-D' 'NDEBUG' '-c' '-o' 'CMakeFiles/cmTC_c6144.dir/CMakeCXXCompilerABI.cpp.o' '-shared-libgcc' '-mcpu=cortex-a76.cortex-a55' '-mlittle-endian' '-mabi=lp64' '-dumpdir' 'CMakeFiles/cmTC_c6144.dir/']
  ignore line: [ /home/tronlong/RK3588/rk3588-buildroot-2021.11-sdk-v1.1/buildroot/output/rockchip_rk3588/host/libexec/gcc/aarch64-buildroot-linux-gnu/11.3.0/cc1plus -quiet -v -isysroot ../../../../../../../../../../../home/tronlong/RK3588/rk3588-buildroot-2021.11-sdk-v1.1/buildroot/output/rockchip_rk3588/host/aarch64-buildroot-linux-gnu/sysroot -D_GNU_SOURCE -D _LARGEFILE_SOURCE -D _LARGEFILE64_SOURCE -D _FILE_OFFSET_BITS=64 -D _FORTIFY_SOURCE=1 -D NDEBUG /usr/share/cmake-3.16/Modules/CMakeCXXCompilerABI.cpp -quiet -dumpdir CMakeFiles/cmTC_c6144.dir/ -dumpbase CMakeCXXCompilerABI.cpp.cpp -dumpbase-ext .cpp -mcpu=cortex-a76.cortex-a55 -mlittle-endian -mabi=lp64 -g0 -Os -version -fstack-protector-strong -fPIE -o /tmp/ccaCKJkR.s]
  ignore line: [GNU C++17 (Buildroot 2021.11 Wed Jan  8 19:01:50 CST 2025) version 11.3.0 (aarch64-buildroot-linux-gnu)]
  ignore line: [	compiled by GNU C version 9.4.0  GMP version 6.2.1  MPFR version 4.1.0  MPC version 1.2.1  isl version none]
  ignore line: [GGC heuristics: --param ggc-min-expand=100 --param ggc-min-heapsize=131072]
  ignore line: [ignoring nonexistent directory "../../../../../../../../../../../home/tronlong/RK3588/rk3588-buildroot-2021.11-sdk-v1.1/buildroot/output/rockchip_rk3588/host/aarch64-buildroot-linux-gnu/sysroot/usr/local/include"]
  ignore line: [#include "..." search starts here:]
  ignore line: [#include <...> search starts here:]
  ignore line: [ /home/tronlong/RK3588/rk3588-buildroot-2021.11-sdk-v1.1/buildroot/output/rockchip_rk3588/host/lib/gcc/aarch64-buildroot-linux-gnu/11.3.0/../../../../aarch64-buildroot-linux-gnu/include/c++/11.3.0]
  ignore line: [ /home/tronlong/RK3588/rk3588-buildroot-2021.11-sdk-v1.1/buildroot/output/rockchip_rk3588/host/lib/gcc/aarch64-buildroot-linux-gnu/11.3.0/../../../../aarch64-buildroot-linux-gnu/include/c++/11.3.0/aarch64-buildroot-linux-gnu]
  ignore line: [ /home/tronlong/RK3588/rk3588-buildroot-2021.11-sdk-v1.1/buildroot/output/rockchip_rk3588/host/lib/gcc/aarch64-buildroot-linux-gnu/11.3.0/../../../../aarch64-buildroot-linux-gnu/include/c++/11.3.0/backward]
  ignore line: [ /home/tronlong/RK3588/rk3588-buildroot-2021.11-sdk-v1.1/buildroot/output/rockchip_rk3588/host/lib/gcc/aarch64-buildroot-linux-gnu/11.3.0/include]
  ignore line: [ /home/tronlong/RK3588/rk3588-buildroot-2021.11-sdk-v1.1/buildroot/output/rockchip_rk3588/host/lib/gcc/aarch64-buildroot-linux-gnu/11.3.0/include-fixed]
  ignore line: [ /home/tronlong/RK3588/rk3588-buildroot-2021.11-sdk-v1.1/buildroot/output/rockchip_rk3588/host/lib/gcc/aarch64-buildroot-linux-gnu/11.3.0/../../../../aarch64-buildroot-linux-gnu/include]
  ignore line: [ ../../../../../../../../../../../home/tronlong/RK3588/rk3588-buildroot-2021.11-sdk-v1.1/buildroot/output/rockchip_rk3588/host/aarch64-buildroot-linux-gnu/sysroot/usr/include]
  ignore line: [End of search list.]
  ignore line: [GNU C++17 (Buildroot 2021.11 Wed Jan  8 19:01:50 CST 2025) version 11.3.0 (aarch64-buildroot-linux-gnu)]
  ignore line: [	compiled by GNU C version 9.4.0  GMP version 6.2.1  MPFR version 4.1.0  MPC version 1.2.1  isl version none]
  ignore line: [GGC heuristics: --param ggc-min-expand=100 --param ggc-min-heapsize=131072]
  ignore line: [Compiler executable checksum: 11b2efb25d76a483b8d3838524479353]
  ignore line: [COLLECT_GCC_OPTIONS='-fstack-protector-strong' '-fPIE' '-Os' '-g0' '-v' '-pie' '-D' '_LARGEFILE_SOURCE' '-D' '_LARGEFILE64_SOURCE' '-D' '_FILE_OFFSET_BITS=64' '-D' '_FORTIFY_SOURCE=1' '-D' 'NDEBUG' '-c' '-o' 'CMakeFiles/cmTC_c6144.dir/CMakeCXXCompilerABI.cpp.o' '-shared-libgcc' '-mcpu=cortex-a76.cortex-a55' '-mlittle-endian' '-mabi=lp64' '-dumpdir' 'CMakeFiles/cmTC_c6144.dir/']
  ignore line: [ /home/tronlong/RK3588/rk3588-buildroot-2021.11-sdk-v1.1/buildroot/output/rockchip_rk3588/host/lib/gcc/aarch64-buildroot-linux-gnu/11.3.0/../../../../aarch64-buildroot-linux-gnu/bin/as -v -EL -march=armv8.2-a+fp16+rcpc+dotprod -mabi=lp64 -o CMakeFiles/cmTC_c6144.dir/CMakeCXXCompilerABI.cpp.o /tmp/ccaCKJkR.s]
  ignore line: [GNU assembler version 2.38 (aarch64-buildroot-linux-gnu) using BFD version (GNU Binutils) 2.38]
  ignore line: [COMPILER_PATH=/home/tronlong/RK3588/rk3588-buildroot-2021.11-sdk-v1.1/buildroot/output/rockchip_rk3588/host/libexec/gcc/aarch64-buildroot-linux-gnu/11.3.0/:/home/tronlong/RK3588/rk3588-buildroot-2021.11-sdk-v1.1/buildroot/output/rockchip_rk3588/host/libexec/gcc/aarch64-buildroot-linux-gnu/11.3.0/:/home/tronlong/RK3588/rk3588-buildroot-2021.11-sdk-v1.1/buildroot/output/rockchip_rk3588/host/libexec/gcc/aarch64-buildroot-linux-gnu/:/home/tronlong/RK3588/rk3588-buildroot-2021.11-sdk-v1.1/buildroot/output/rockchip_rk3588/host/lib/gcc/aarch64-buildroot-linux-gnu/11.3.0/:/home/tronlong/RK3588/rk3588-buildroot-2021.11-sdk-v1.1/buildroot/output/rockchip_rk3588/host/lib/gcc/aarch64-buildroot-linux-gnu/:/home/tronlong/RK3588/rk3588-buildroot-2021.11-sdk-v1.1/buildroot/output/rockchip_rk3588/host/lib/gcc/aarch64-buildroot-linux-gnu/11.3.0/../../../../aarch64-buildroot-linux-gnu/bin/]
  ignore line: [LIBRARY_PATH=/home/tronlong/RK3588/rk3588-buildroot-2021.11-sdk-v1.1/buildroot/output/rockchip_rk3588/host/lib/gcc/aarch64-buildroot-linux-gnu/11.3.0/:/home/tronlong/RK3588/rk3588-buildroot-2021.11-sdk-v1.1/buildroot/output/rockchip_rk3588/host/lib/gcc/aarch64-buildroot-linux-gnu/11.3.0/../../../../aarch64-buildroot-linux-gnu/lib/../lib64/:../../../../../../../../../../../home/tronlong/RK3588/rk3588-buildroot-2021.11-sdk-v1.1/buildroot/output/rockchip_rk3588/host/aarch64-buildroot-linux-gnu/sysroot/lib/../lib64/:../../../../../../../../../../../home/tronlong/RK3588/rk3588-buildroot-2021.11-sdk-v1.1/buildroot/output/rockchip_rk3588/host/aarch64-buildroot-linux-gnu/sysroot/usr/lib/../lib64/:/home/tronlong/RK3588/rk3588-buildroot-2021.11-sdk-v1.1/buildroot/output/rockchip_rk3588/host/lib/gcc/aarch64-buildroot-linux-gnu/11.3.0/../../../../aarch64-buildroot-linux-gnu/lib/:../../../../../../../../../../../home/tronlong/RK3588/rk3588-buildroot-2021.11-sdk-v1.1/buildroot/output/rockchip_rk3588/host/aarch64-buildroot-linux-gnu/sysroot/lib/:../../../../../../../../../../../home/tronlong/RK3588/rk3588-buildroot-2021.11-sdk-v1.1/buildroot/output/rockchip_rk3588/host/aarch64-buildroot-linux-gnu/sysroot/usr/lib/]
  ignore line: [COLLECT_GCC_OPTIONS='-fstack-protector-strong' '-fPIE' '-Os' '-g0' '-v' '-pie' '-D' '_LARGEFILE_SOURCE' '-D' '_LARGEFILE64_SOURCE' '-D' '_FILE_OFFSET_BITS=64' '-D' '_FORTIFY_SOURCE=1' '-D' 'NDEBUG' '-c' '-o' 'CMakeFiles/cmTC_c6144.dir/CMakeCXXCompilerABI.cpp.o' '-shared-libgcc' '-mcpu=cortex-a76.cortex-a55' '-mlittle-endian' '-mabi=lp64' '-dumpdir' 'CMakeFiles/cmTC_c6144.dir/CMakeCXXCompilerABI.cpp.']
  ignore line: [Linking CXX executable cmTC_d69f9]
  ignore line: [/usr/bin/cmake -E cmake_link_script CMakeFiles/cmTC_d69f9.dir/link.txt --verbose=1]
  ignore line: [/home/tronlong/RK3588/rk3588-buildroot-2021.11-sdk-v1.1/buildroot/output/rockchip_rk3588/host/bin/aarch64-buildroot-linux-gnu-g++ --sysroot=/home/tronlong/RK3588/rk3588-buildroot-2021.11-sdk-v1.1/buildroot/output/rockchip_rk3588/host/aarch64-buildroot-linux-gnu/sysroot  -D_LARGEFILE_SOURCE -D_LARGEFILE64_SOURCE -D_FILE_OFFSET_BITS=64 -Os -g0 -D_FORTIFY_SOURCE=1   -DNDEBUG   -v CMakeFiles/cmTC_d69f9.dir/CMakeCXXCompilerABI.cpp.o  -o cmTC_d69f9 ]
  ignore line: [Using built-in specs.]
  ignore line: [COLLECT_GCC=/home/tronlong/RK3588/rk3588-buildroot-2021.11-sdk-v1.1/buildroot/output/rockchip_rk3588/host/bin/aarch64-buildroot-linux-gnu-g++.br_real]
  ignore line: [COLLECT_LTO_WRAPPER=/home/tronlong/RK3588/rk3588-buildroot-2021.11-sdk-v1.1/buildroot/output/rockchip_rk3588/host/libexec/gcc/aarch64-buildroot-linux-gnu/11.3.0/lto-wrapper]
  ignore line: [Target: aarch64-buildroot-linux-gnu]
  ignore line: [Configured with: ./configure --prefix=/home/tronlong/RK3588/rk3588-buildroot-2021.11-sdk-v1.1/buildroot/output/rockchip_rk3588/host --sysconfdir=/home/tronlong/RK3588/rk3588-buildroot-2021.11-sdk-v1.1/buildroot/output/rockchip_rk3588/host/etc --enable-static --target=aarch64-buildroot-linux-gnu --with-sysroot=/home/tronlong/RK3588/rk3588-buildroot-2021.11-sdk-v1.1/buildroot/output/rockchip_rk3588/host/aarch64-buildroot-linux-gnu/sysroot --enable-__cxa_atexit --with-gnu-ld --disable-libssp --disable-multilib --disable-decimal-float --enable-plugins --enable-lto --with-gmp=/home/tronlong/RK3588/rk3588-buildroot-2021.11-sdk-v1.1/buildroot/output/rockchip_rk3588/host --with-mpc=/home/tronlong/RK3588/rk3588-buildroot-2021.11-sdk-v1.1/buildroot/output/rockchip_rk3588/host --with-mpfr=/home/tronlong/RK3588/rk3588-buildroot-2021.11-sdk-v1.1/buildroot/output/rockchip_rk3588/host --with-pkgversion='Buildroot 2021.11 Wed Jan  8 19:01:50 CST 2025' --with-bugurl=http://bugs.buildroot.net/ --without-zstd --disable-libquadmath --disable-libquadmath-support --enable-tls --enable-threads --without-isl --without-cloog --with-abi=lp64 --with-cpu=cortex-a76.cortex-a55 --enable-languages=c,c++ --with-build-time-tools=/home/tronlong/RK3588/rk3588-buildroot-2021.11-sdk-v1.1/buildroot/output/rockchip_rk3588/host/aarch64-buildroot-linux-gnu/bin --enable-shared --disable-libgomp]
  ignore line: [Thread model: posix]
  ignore line: [Supported LTO compression algorithms: zlib]
  ignore line: [gcc version 11.3.0 (Buildroot 2021.11 Wed Jan  8 19:01:50 CST 2025) ]
  ignore line: [COMPILER_PATH=/home/tronlong/RK3588/rk3588-buildroot-2021.11-sdk-v1.1/buildroot/output/rockchip_rk3588/host/libexec/gcc/aarch64-buildroot-linux-gnu/11.3.0/:/home/tronlong/RK3588/rk3588-buildroot-2021.11-sdk-v1.1/buildroot/output/rockchip_rk3588/host/libexec/gcc/aarch64-buildroot-linux-gnu/11.3.0/:/home/tronlong/RK3588/rk3588-buildroot-2021.11-sdk-v1.1/buildroot/output/rockchip_rk3588/host/libexec/gcc/aarch64-buildroot-linux-gnu/:/home/tronlong/RK3588/rk3588-buildroot-2021.11-sdk-v1.1/buildroot/output/rockchip_rk3588/host/lib/gcc/aarch64-buildroot-linux-gnu/11.3.0/:/home/tronlong/RK3588/rk3588-buildroot-2021.11-sdk-v1.1/buildroot/output/rockchip_rk3588/host/lib/gcc/aarch64-buildroot-linux-gnu/:/home/tronlong/RK3588/rk3588-buildroot-2021.11-sdk-v1.1/buildroot/output/rockchip_rk3588/host/lib/gcc/aarch64-buildroot-linux-gnu/11.3.0/../../../../aarch64-buildroot-linux-gnu/bin/]
  ignore line: [LIBRARY_PATH=/home/tronlong/RK3588/rk3588-buildroot-2021.11-sdk-v1.1/buildroot/output/rockchip_rk3588/host/lib/gcc/aarch64-buildroot-linux-gnu/11.3.0/:/home/tronlong/RK3588/rk3588-buildroot-2021.11-sdk-v1.1/buildroot/output/rockchip_rk3588/host/lib/gcc/aarch64-buildroot-linux-gnu/11.3.0/../../../../aarch64-buildroot-linux-gnu/lib/../lib64/:/home/tronlong/RK3588/rk3588-buildroot-2021.11-sdk-v1.1/buildroot/output/rockchip_rk3588/host/aarch64-buildroot-linux-gnu/sysroot/lib/../lib64/:/home/tronlong/RK3588/rk3588-buildroot-2021.11-sdk-v1.1/buildroot/output/rockchip_rk3588/host/aarch64-buildroot-linux-gnu/sysroot/usr/lib/../lib64/:/home/tronlong/RK3588/rk3588-buildroot-2021.11-sdk-v1.1/buildroot/output/rockchip_rk3588/host/lib/gcc/aarch64-buildroot-linux-gnu/11.3.0/../../../../aarch64-buildroot-linux-gnu/lib/:/home/tronlong/RK3588/rk3588-buildroot-2021.11-sdk-v1.1/buildroot/output/rockchip_rk3588/host/aarch64-buildroot-linux-gnu/sysroot/lib/:/home/tronlong/RK3588/rk3588-buildroot-2021.11-sdk-v1.1/buildroot/output/rockchip_rk3588/host/aarch64-buildroot-linux-gnu/sysroot/usr/lib/]
  ignore line: [COLLECT_GCC_OPTIONS='-fstack-protector-strong' '-fPIE' '-pie' '-D' '_LARGEFILE_SOURCE' '-D' '_LARGEFILE64_SOURCE' '-D' '_FILE_OFFSET_BITS=64' '-Os' '-g0' '-D' '_FORTIFY_SOURCE=1' '-D' 'NDEBUG' '-v' '-o' 'cmTC_d69f9' '-shared-libgcc' '-mcpu=cortex-a76.cortex-a55' '-mlittle-endian' '-mabi=lp64' '-dumpdir' 'cmTC_d69f9.']
  link line: [ /home/tronlong/RK3588/rk3588-buildroot-2021.11-sdk-v1.1/buildroot/output/rockchip_rk3588/host/libexec/gcc/aarch64-buildroot-linux-gnu/11.3.0/collect2 -plugin /home/tronlong/RK3588/rk3588-buildroot-2021.11-sdk-v1.1/buildroot/output/rockchip_rk3588/host/libexec/gcc/aarch64-buildroot-linux-gnu/11.3.0/liblto_plugin.so -plugin-opt=/home/tronlong/RK3588/rk3588-buildroot-2021.11-sdk-v1.1/buildroot/output/rockchip_rk3588/host/libexec/gcc/aarch64-buildroot-linux-gnu/11.3.0/lto-wrapper -plugin-opt=-fresolution=/tmp/ccHl0A4i.res -plugin-opt=-pass-through=-lgcc_s -plugin-opt=-pass-through=-lgcc -plugin-opt=-pass-through=-lc -plugin-opt=-pass-through=-lgcc_s -plugin-opt=-pass-through=-lgcc --sysroot=/home/tronlong/RK3588/rk3588-buildroot-2021.11-sdk-v1.1/buildroot/output/rockchip_rk3588/host/aarch64-buildroot-linux-gnu/sysroot --eh-frame-hdr -dynamic-linker /lib/ld-linux-aarch64.so.1 -X -EL -maarch64linux -pie -o cmTC_d69f9 /home/tronlong/RK3588/rk3588-buildroot-2021.11-sdk-v1.1/buildroot/output/rockchip_rk3588/host/aarch64-buildroot-linux-gnu/sysroot/lib/../lib64/Scrt1.o /home/tronlong/RK3588/rk3588-buildroot-2021.11-sdk-v1.1/buildroot/output/rockchip_rk3588/host/aarch64-buildroot-linux-gnu/sysroot/lib/../lib64/crti.o /home/tronlong/RK3588/rk3588-buildroot-2021.11-sdk-v1.1/buildroot/output/rockchip_rk3588/host/lib/gcc/aarch64-buildroot-linux-gnu/11.3.0/crtbeginS.o -L/home/tronlong/RK3588/rk3588-buildroot-2021.11-sdk-v1.1/buildroot/output/rockchip_rk3588/host/lib/gcc/aarch64-buildroot-linux-gnu/11.3.0 -L/home/tronlong/RK3588/rk3588-buildroot-2021.11-sdk-v1.1/buildroot/output/rockchip_rk3588/host/lib/gcc/aarch64-buildroot-linux-gnu/11.3.0/../../../../aarch64-buildroot-linux-gnu/lib/../lib64 -L/home/tronlong/RK3588/rk3588-buildroot-2021.11-sdk-v1.1/buildroot/output/rockchip_rk3588/host/aarch64-buildroot-linux-gnu/sysroot/lib/../lib64 -L/home/tronlong/RK3588/rk3588-buildroot-2021.11-sdk-v1.1/buildroot/output/rockchip_rk3588/host/aarch64-buildroot-linux-gnu/sysroot/usr/lib/../lib64 -L/home/tronlong/RK3588/rk3588-buildroot-2021.11-sdk-v1.1/buildroot/output/rockchip_rk3588/host/lib/gcc/aarch64-buildroot-linux-gnu/11.3.0/../../../../aarch64-buildroot-linux-gnu/lib -L/home/tronlong/RK3588/rk3588-buildroot-2021.11-sdk-v1.1/buildroot/output/rockchip_rk3588/host/aarch64-buildroot-linux-gnu/sysroot/lib -L/home/tronlong/RK3588/rk3588-buildroot-2021.11-sdk-v1.1/buildroot/output/rockchip_rk3588/host/aarch64-buildroot-linux-gnu/sysroot/usr/lib -z now -z relro CMakeFiles/cmTC_d69f9.dir/CMakeCXXCompilerABI.cpp.o -lstdc++ -lm -lgcc_s -lgcc -lc -lgcc_s -lgcc /home/tronlong/RK3588/rk3588-buildroot-2021.11-sdk-v1.1/buildroot/output/rockchip_rk3588/host/lib/gcc/aarch64-buildroot-linux-gnu/11.3.0/crtendS.o /home/tronlong/RK3588/rk3588-buildroot-2021.11-sdk-v1.1/buildroot/output/rockchip_rk3588/host/aarch64-buildroot-linux-gnu/sysroot/lib/../lib64/crtn.o]
    arg [/home/tronlong/RK3588/rk3588-buildroot-2021.11-sdk-v1.1/buildroot/output/rockchip_rk3588/host/libexec/gcc/aarch64-buildroot-linux-gnu/11.3.0/collect2] ==> ignore
    arg [-plugin] ==> ignore
    arg [/home/tronlong/RK3588/rk3588-buildroot-2021.11-sdk-v1.1/buildroot/output/rockchip_rk3588/host/libexec/gcc/aarch64-buildroot-linux-gnu/11.3.0/liblto_plugin.so] ==> ignore
    arg [-plugin-opt=/home/tronlong/RK3588/rk3588-buildroot-2021.11-sdk-v1.1/buildroot/output/rockchip_rk3588/host/libexec/gcc/aarch64-buildroot-linux-gnu/11.3.0/lto-wrapper] ==> ignore
    arg [-plugin-opt=-fresolution=/tmp/ccHl0A4i.res] ==> ignore
    arg [-plugin-opt=-pass-through=-lgcc_s] ==> ignore
    arg [-plugin-opt=-pass-through=-lgcc] ==> ignore
    arg [-plugin-opt=-pass-through=-lc] ==> ignore
    arg [-plugin-opt=-pass-through=-lgcc_s] ==> ignore
    arg [-plugin-opt=-pass-through=-lgcc] ==> ignore
    arg [--sysroot=/home/tronlong/RK3588/rk3588-buildroot-2021.11-sdk-v1.1/buildroot/output/rockchip_rk3588/host/aarch64-buildroot-linux-gnu/sysroot] ==> ignore
    arg [--eh-frame-hdr] ==> ignore
    arg [-dynamic-linker] ==> ignore
    arg [/lib/ld-linux-aarch64.so.1] ==> ignore
    arg [-X] ==> ignore
    arg [-EL] ==> ignore
    arg [-maarch64linux] ==> ignore
    arg [-pie] ==> ignore
    arg [-o] ==> ignore
    arg [cmTC_d69f9] ==> ignore
    arg [/home/tronlong/RK3588/rk3588-buildroot-2021.11-sdk-v1.1/buildroot/output/rockchip_rk3588/host/aarch64-buildroot-linux-gnu/sysroot/lib/../lib64/Scrt1.o] ==> ignore
    arg [/home/tronlong/RK3588/rk3588-buildroot-2021.11-sdk-v1.1/buildroot/output/rockchip_rk3588/host/aarch64-buildroot-linux-gnu/sysroot/lib/../lib64/crti.o] ==> ignore
    arg [/home/tronlong/RK3588/rk3588-buildroot-2021.11-sdk-v1.1/buildroot/output/rockchip_rk3588/host/lib/gcc/aarch64-buildroot-linux-gnu/11.3.0/crtbeginS.o] ==> ignore
    arg [-L/home/tronlong/RK3588/rk3588-buildroot-2021.11-sdk-v1.1/buildroot/output/rockchip_rk3588/host/lib/gcc/aarch64-buildroot-linux-gnu/11.3.0] ==> dir [/home/tronlong/RK3588/rk3588-buildroot-2021.11-sdk-v1.1/buildroot/output/rockchip_rk3588/host/lib/gcc/aarch64-buildroot-linux-gnu/11.3.0]
    arg [-L/home/tronlong/RK3588/rk3588-buildroot-2021.11-sdk-v1.1/buildroot/output/rockchip_rk3588/host/lib/gcc/aarch64-buildroot-linux-gnu/11.3.0/../../../../aarch64-buildroot-linux-gnu/lib/../lib64] ==> dir [/home/tronlong/RK3588/rk3588-buildroot-2021.11-sdk-v1.1/buildroot/output/rockchip_rk3588/host/lib/gcc/aarch64-buildroot-linux-gnu/11.3.0/../../../../aarch64-buildroot-linux-gnu/lib/../lib64]
    arg [-L/home/tronlong/RK3588/rk3588-buildroot-2021.11-sdk-v1.1/buildroot/output/rockchip_rk3588/host/aarch64-buildroot-linux-gnu/sysroot/lib/../lib64] ==> dir [/home/tronlong/RK3588/rk3588-buildroot-2021.11-sdk-v1.1/buildroot/output/rockchip_rk3588/host/aarch64-buildroot-linux-gnu/sysroot/lib/../lib64]
    arg [-L/home/tronlong/RK3588/rk3588-buildroot-2021.11-sdk-v1.1/buildroot/output/rockchip_rk3588/host/aarch64-buildroot-linux-gnu/sysroot/usr/lib/../lib64] ==> dir [/home/tronlong/RK3588/rk3588-buildroot-2021.11-sdk-v1.1/buildroot/output/rockchip_rk3588/host/aarch64-buildroot-linux-gnu/sysroot/usr/lib/../lib64]
    arg [-L/home/tronlong/RK3588/rk3588-buildroot-2021.11-sdk-v1.1/buildroot/output/rockchip_rk3588/host/lib/gcc/aarch64-buildroot-linux-gnu/11.3.0/../../../../aarch64-buildroot-linux-gnu/lib] ==> dir [/home/tronlong/RK3588/rk3588-buildroot-2021.11-sdk-v1.1/buildroot/output/rockchip_rk3588/host/lib/gcc/aarch64-buildroot-linux-gnu/11.3.0/../../../../aarch64-buildroot-linux-gnu/lib]
    arg [-L/home/tronlong/RK3588/rk3588-buildroot-2021.11-sdk-v1.1/buildroot/output/rockchip_rk3588/host/aarch64-buildroot-linux-gnu/sysroot/lib] ==> dir [/home/tronlong/RK3588/rk3588-buildroot-2021.11-sdk-v1.1/buildroot/output/rockchip_rk3588/host/aarch64-buildroot-linux-gnu/sysroot/lib]
    arg [-L/home/tronlong/RK3588/rk3588-buildroot-2021.11-sdk-v1.1/buildroot/output/rockchip_rk3588/host/aarch64-buildroot-linux-gnu/sysroot/usr/lib] ==> dir [/home/tronlong/RK3588/rk3588-buildroot-2021.11-sdk-v1.1/buildroot/output/rockchip_rk3588/host/aarch64-buildroot-linux-gnu/sysroot/usr/lib]
    arg [-znow] ==> ignore
    arg [-zrelro] ==> ignore
    arg [CMakeFiles/cmTC_d69f9.dir/CMakeCXXCompilerABI.cpp.o] ==> ignore
    arg [-lstdc++] ==> lib [stdc++]
    arg [-lm] ==> lib [m]
    arg [-lgcc_s] ==> lib [gcc_s]
    arg [-lgcc] ==> lib [gcc]
    arg [-lc] ==> lib [c]
    arg [-lgcc_s] ==> lib [gcc_s]
    arg [-lgcc] ==> lib [gcc]
    arg [/home/tronlong/RK3588/rk3588-buildroot-2021.11-sdk-v1.1/buildroot/output/rockchip_rk3588/host/lib/gcc/aarch64-buildroot-linux-gnu/11.3.0/crtendS.o] ==> ignore
    arg [/home/tronlong/RK3588/rk3588-buildroot-2021.11-sdk-v1.1/buildroot/output/rockchip_rk3588/host/aarch64-buildroot-linux-gnu/sysroot/lib/../lib64/crtn.o] ==> ignore
  collapse library dir [/home/tronlong/RK3588/rk3588-buildroot-2021.11-sdk-v1.1/buildroot/output/rockchip_rk3588/host/lib/gcc/aarch64-buildroot-linux-gnu/11.3.0] ==> [/home/tronlong/RK3588/rk3588-buildroot-2021.11-sdk-v1.1/buildroot/output/rockchip_rk3588/host/lib/gcc/aarch64-buildroot-linux-gnu/11.3.0]
  collapse library dir [/home/tronlong/RK3588/rk3588-buildroot-2021.11-sdk-v1.1/buildroot/output/rockchip_rk3588/host/lib/gcc/aarch64-buildroot-linux-gnu/11.3.0/../../../../aarch64-buildroot-linux-gnu/lib/../lib64] ==> [/home/tronlong/RK3588/rk3588-buildroot-2021.11-sdk-v1.1/buildroot/output/rockchip_rk3588/host/aarch64-buildroot-linux-gnu/lib64]
  collapse library dir [/home/tronlong/RK3588/rk3588-buildroot-2021.11-sdk-v1.1/buildroot/output/rockchip_rk3588/host/aarch64-buildroot-linux-gnu/sysroot/lib/../lib64] ==> [/home/tronlong/RK3588/rk3588-buildroot-2021.11-sdk-v1.1/buildroot/output/rockchip_rk3588/host/aarch64-buildroot-linux-gnu/sysroot/lib64]
  collapse library dir [/home/tronlong/RK3588/rk3588-buildroot-2021.11-sdk-v1.1/buildroot/output/rockchip_rk3588/host/aarch64-buildroot-linux-gnu/sysroot/usr/lib/../lib64] ==> [/home/tronlong/RK3588/rk3588-buildroot-2021.11-sdk-v1.1/buildroot/output/rockchip_rk3588/host/aarch64-buildroot-linux-gnu/sysroot/usr/lib64]
  collapse library dir [/home/tronlong/RK3588/rk3588-buildroot-2021.11-sdk-v1.1/buildroot/output/rockchip_rk3588/host/lib/gcc/aarch64-buildroot-linux-gnu/11.3.0/../../../../aarch64-buildroot-linux-gnu/lib] ==> [/home/tronlong/RK3588/rk3588-buildroot-2021.11-sdk-v1.1/buildroot/output/rockchip_rk3588/host/aarch64-buildroot-linux-gnu/lib]
  collapse library dir [/home/tronlong/RK3588/rk3588-buildroot-2021.11-sdk-v1.1/buildroot/output/rockchip_rk3588/host/aarch64-buildroot-linux-gnu/sysroot/lib] ==> [/home/tronlong/RK3588/rk3588-buildroot-2021.11-sdk-v1.1/buildroot/output/rockchip_rk3588/host/aarch64-buildroot-linux-gnu/sysroot/lib]
  collapse library dir [/home/tronlong/RK3588/rk3588-buildroot-2021.11-sdk-v1.1/buildroot/output/rockchip_rk3588/host/aarch64-buildroot-linux-gnu/sysroot/usr/lib] ==> [/home/tronlong/RK3588/rk3588-buildroot-2021.11-sdk-v1.1/buildroot/output/rockchip_rk3588/host/aarch64-buildroot-linux-gnu/sysroot/usr/lib]
  implicit libs: [stdc++;m;gcc_s;gcc;c;gcc_s;gcc]
  implicit dirs: [/home/tronlong/RK3588/rk3588-buildroot-2021.11-sdk-v1.1/buildroot/output/rockchip_rk3588/host/lib/gcc/aarch64-buildroot-linux-gnu/11.3.0;/home/tronlong/RK3588/rk3588-buildroot-2021.11-sdk-v1.1/buildroot/output/rockchip_rk3588/host/aarch64-buildroot-linux-gnu/lib64;/home/tronlong/RK3588/rk3588-buildroot-2021.11-sdk-v1.1/buildroot/output/rockchip_rk3588/host/aarch64-buildroot-linux-gnu/sysroot/lib64;/home/tronlong/RK3588/rk3588-buildroot-2021.11-sdk-v1.1/buildroot/output/rockchip_rk3588/host/aarch64-buildroot-linux-gnu/sysroot/usr/lib64;/home/tronlong/RK3588/rk3588-buildroot-2021.11-sdk-v1.1/buildroot/output/rockchip_rk3588/host/aarch64-buildroot-linux-gnu/lib;/home/tronlong/RK3588/rk3588-buildroot-2021.11-sdk-v1.1/buildroot/output/rockchip_rk3588/host/aarch64-buildroot-linux-gnu/sysroot/lib;/home/tronlong/RK3588/rk3588-buildroot-2021.11-sdk-v1.1/buildroot/output/rockchip_rk3588/host/aarch64-buildroot-linux-gnu/sysroot/usr/lib]
  implicit fwks: []


